<html>
<body>
<pre>
<h1>礦ision Build Log</h1>
<h2>Tool Versions:</h2>
IDE-Version: μVision V5.25.3.0
Copyright (C) 2018 ARM Ltd and ARM Germany GmbH. All rights reserved.
License Information: raunjian guanjia, raunjianguanjia, LIC=PE7DL-0S3T6-SB4EJ-UKA3K-D7AG9-89RGM
 
Tool Versions:
Toolchain:       MDK-ARM Plus  Version: 5.18
Toolchain Path:  D:\Keil_v5\ARM\ARMCC\Bin
C Compiler:      Armcc.exe V5.06 update 1 (build 61)
Assembler:       Armasm.exe V5.06 update 1 (build 61)
Linker/Locator:  ArmLink.exe V5.06 update 1 (build 61)
Library Manager: ArmAr.exe V5.06 update 1 (build 61)
Hex Converter:   FromElf.exe V5.06 update 1 (build 61)
CPU DLL:         SARMCM3.DLL V5.18
Dialog DLL:      DARMSTM.DLL V1.65.0.0
Target DLL:      STLink\ST-LINKIII-KEIL_SWO.dll V2.0.18.0
Dialog DLL:      TARMSTM.DLL V1.64.0.0
 
<h2>Project:</h2>
C:\Users\hy\Desktop\基于STM32F103ZET6芯片的智能分类垃圾桶源码\基于STM32F103ZET6芯片的智能分类垃圾桶源码\USER\EXTI.uvprojx
Project File Date:  03/11/2023

<h2>Output:</h2>
*** Using Compiler 'V5.06 update 1 (build 61)', folder: 'D:\Keil_v5\ARM\ARMCC\Bin'
Rebuild target 'EXTI'
compiling key.c...
compiling led.c...
compiling beep.c...
compiling stm32f10x_it.c...
compiling system_stm32f10x.c...
compiling wave.c...
compiling timer.c...
compiling 24cxx.c...
compiling exti.c...
compiling main.c...
main.c(30): warning:  #223-D: function "show_picture" declared implicitly
  	show_picture(115,198,250,250,(u16*)gImage_hahah2);
main.c(31): warning:  #223-D: function "Show_Chinese36" declared implicitly
  	Show_Chinese36(110,115,0,36,POINT_COLOR,0xFFFF,0);
main.c(64): warning:  #174-D: expression has no effect
  		for(i;i<100;i++)
main.c(113): warning:  #223-D: function "show_picture" declared implicitly
  	show_picture(140,150,198,250,(u16*)gImage_hahah); 
main.c(121): warning:  #174-D: expression has no effect
  		for(i;i<100;i++)
main.c(152): warning:  #223-D: function "show_picture" declared implicitly
  	show_picture(140,150,198,250,(u16*)gImage_hahah1); 
main.c(160): warning:  #174-D: expression has no effect
  		for(i;i<100;i++)
main.c(192): warning:  #223-D: function "show_picture" declared implicitly
  	show_picture(115,150,250,250,(u16*)gImage_hahah2); 
main.c(200): warning:  #174-D: expression has no effect
  		for(i;i<100;i++)
main.c: 9 warnings, 0 errors
compiling myiic.c...
compiling touch.c...
..\HARDWARE\touch\touch.c(512): warning:  #223-D: function "Menu_1" declared implicitly
  						Menu_1();
..\HARDWARE\touch\touch.c(518): warning:  #223-D: function "Menu_3" declared implicitly
  					  Menu_3();
..\HARDWARE\touch\touch.c(524): warning:  #223-D: function "Menu_2" declared implicitly
  					  Menu_2();
..\HARDWARE\touch\touch.c: 3 warnings, 0 errors
compiling lcd.c...
compiling ctiic.c...
compiling ft5206.c...
compiling gt9147.c...
compiling dht11.c...
compiling spi.c...
compiling ott2001a.c...
compiling malloc.c...
compiling usart3.c...
compiling usmart.c...
compiling usmart_config.c...
compiling usmart_str.c...
compiling tsensor.c...
compiling stm32f10x_adc.c...
assembling startup_stm32f10x_hd.s...
compiling delay.c...
compiling core_cm3.c...
compiling usart.c...
compiling sys.c...
compiling misc.c...
compiling stm32f10x_gpio.c...
compiling stm32f10x_usart.c...
compiling stm32f10x_rcc.c...
compiling stm32f10x_exti.c...
compiling stm32f10x_fsmc.c...
compiling stm32f10x_dma.c...
compiling stm32f10x_sdio.c...
compiling stm32f10x_tim.c...
compiling stm32f10x_spi.c...
compiling apsta.c...
compiling common.c...
compiling wifiap.c...
compiling wifista.c...
linking...
Program Size: Code=69054 RO-data=421158 RW-data=604 ZI-data=1091068  
FromELF: creating hex file...
"..\OBJ\EXIT.axf" - 0 Error(s), 12 Warning(s).

<h2>Software Packages used:</h2>

Package Vendor: Keil
                http://www.keil.com/pack/Keil.STM32F1xx_DFP.2.3.0.pack
                Keil.STM32F1xx_DFP.2.3.0
                STMicroelectronics STM32F1 Series Device Support, Drivers and Examples

<h2>Collection of Component include folders:</h2>
  .\RTE\_EXTI
  D:\Keil_v5\ARM\PACK\Keil\STM32F1xx_DFP\2.3.0\Device\Include

<h2>Collection of Component Files used:</h2>
Build Time Elapsed:  00:00:07
</pre>
</body>
</html>
