Component: ARM Compiler 5.06 update 1 (build 61) Tool: armlink [4d35a8]

==============================================================================

Section Cross References

    main.o(.text) refers to _printf_percent.o(.ARM.Collect$$_printf_percent$$00000000) for _printf_percent
    main.o(.text) refers to _printf_s.o(.ARM.Collect$$_printf_percent$$00000014) for _printf_s
    main.o(.text) refers to _printf_str.o(.text) for _printf_str
    main.o(.text) refers to _printf_u.o(.ARM.Collect$$_printf_percent$$0000000A) for _printf_u
    main.o(.text) refers to _printf_dec.o(.text) for _printf_int_dec
    main.o(.text) refers to lcd.o(.text) for show_picture
    main.o(.text) refers to touch.o(.text) for ctp_test
    main.o(.text) refers to delay.o(.text) for delay_ms
    main.o(.text) refers to __2printf.o(.text) for __2printf
    main.o(.text) refers to __2sprintf.o(.text) for __2sprintf
    main.o(.text) refers to common.o(.text) for atk_8266_send_data
    main.o(.text) refers to main.o(.constdata) for gImage_hahah2
    main.o(.text) refers to lcd.o(.data) for POINT_COLOR
    main.o(.text) refers to main.o(.data) for cate
    main.o(.text) refers to touch.o(.data) for tp_dev
    main.o(.text) refers to lcd.o(.bss) for lcddev
    main.o(.text) refers to wave.o(.text) for Wave_SRD_Strat
    main.o(.text) refers to ffixu.o(x$fpl$ffixu) for __aeabi_f2uiz
    main.o(.text) refers to tsensor.o(.text) for Nsensor
    main.o(.text) refers to misc.o(.text) for NVIC_PriorityGroupConfig
    main.o(.text) refers to usart.o(.text) for uart_init
    main.o(.text) refers to led.o(.text) for LED_Init
    main.o(.text) refers to beep.o(.text) for BEEP_Init
    main.o(.text) refers to key.o(.text) for KEY_Init
    main.o(.text) refers to usart3.o(.text) for usart3_init
    main.o(.text) refers to malloc.o(.text) for my_mem_init
    main.o(.text) refers to timer.o(.text) for Timer_SRD_Init
    main.o(.text) refers to usmart_config.o(.data) for usmart_dev
    system_stm32f10x.o(.text) refers to system_stm32f10x.o(.data) for SystemCoreClock
    led.o(.text) refers to stm32f10x_rcc.o(.text) for RCC_APB2PeriphClockCmd
    led.o(.text) refers to stm32f10x_gpio.o(.text) for GPIO_Init
    key.o(.text) refers to stm32f10x_rcc.o(.text) for RCC_APB2PeriphClockCmd
    key.o(.text) refers to stm32f10x_gpio.o(.text) for GPIO_Init
    key.o(.text) refers to delay.o(.text) for delay_ms
    key.o(.text) refers to key.o(.data) for key_up
    beep.o(.text) refers to stm32f10x_rcc.o(.text) for RCC_APB2PeriphClockCmd
    beep.o(.text) refers to stm32f10x_gpio.o(.text) for GPIO_Init
    wave.o(.text) refers to stm32f10x_rcc.o(.text) for RCC_APB2PeriphClockCmd
    wave.o(.text) refers to stm32f10x_gpio.o(.text) for GPIO_Init
    wave.o(.text) refers to stm32f10x_exti.o(.text) for EXTI_Init
    wave.o(.text) refers to misc.o(.text) for NVIC_Init
    wave.o(.text) refers to delay.o(.text) for delay_us
    wave.o(.text) refers to stm32f10x_tim.o(.text) for TIM_SetCounter
    wave.o(.text) refers to dflt_clz.o(x$fpl$dflt) for __aeabi_i2d
    wave.o(.text) refers to ddiv.o(x$fpl$ddiv) for __aeabi_ddiv
    wave.o(.text) refers to d2f.o(x$fpl$d2f) for __aeabi_d2f
    wave.o(.text) refers to fdiv.o(x$fpl$fdiv) for __aeabi_fdiv
    wave.o(.text) refers to fmul.o(x$fpl$fmul) for __aeabi_fmul
    wave.o(.text) refers to frleqf.o(x$fpl$frleqf) for __aeabi_cfrcmple
    wave.o(.text) refers to ffixu.o(x$fpl$ffixu) for __aeabi_f2uiz
    wave.o(.text) refers to lcd.o(.text) for LCD_ShowxNum
    wave.o(.text) refers to fleqf.o(x$fpl$fleqf) for __aeabi_cfcmple
    wave.o(.text) refers to wave.o(.data) for Distance
    wave.o(.text) refers to lcd.o(.data) for POINT_COLOR
    timer.o(.text) refers to stm32f10x_rcc.o(.text) for RCC_APB1PeriphClockCmd
    timer.o(.text) refers to stm32f10x_tim.o(.text) for TIM_TimeBaseInit
    timer.o(.text) refers to misc.o(.text) for NVIC_Init
    timer.o(.text) refers to usart3.o(.data) for USART3_RX_STA
    exti.o(.text) refers to key.o(.text) for KEY_Init
    exti.o(.text) refers to stm32f10x_rcc.o(.text) for RCC_APB2PeriphClockCmd
    exti.o(.text) refers to stm32f10x_gpio.o(.text) for GPIO_EXTILineConfig
    exti.o(.text) refers to stm32f10x_exti.o(.text) for EXTI_Init
    exti.o(.text) refers to misc.o(.text) for NVIC_Init
    exti.o(.text) refers to delay.o(.text) for delay_ms
    lcd.o(.text) refers to _printf_percent.o(.ARM.Collect$$_printf_percent$$00000000) for _printf_percent
    lcd.o(.text) refers to _printf_x.o(.ARM.Collect$$_printf_percent$$0000000C) for _printf_x
    lcd.o(.text) refers to _printf_hex_int_ll_ptr.o(.text) for _printf_longlong_hex
    lcd.o(.text) refers to delay.o(.text) for delay_us
    lcd.o(.text) refers to lcd.o(.bss) for lcddev
    lcd.o(.text) refers to lcd.o(.data) for POINT_COLOR
    lcd.o(.text) refers to dflt_clz.o(x$fpl$dfltu) for __aeabi_ui2d
    lcd.o(.text) refers to dmul.o(x$fpl$dmul) for __aeabi_dmul
[...]
    ADC_DeInit                               0x08009d85   Thumb Code    78  stm32f10x_adc.o(.text)
    ADC_Init                                 0x08009dd3   Thumb Code    70  stm32f10x_adc.o(.text)
    ADC_StructInit                           0x08009e19   Thumb Code    18  stm32f10x_adc.o(.text)
    ADC_Cmd                                  0x08009e2b   Thumb Code    22  stm32f10x_adc.o(.text)
    ADC_DMACmd                               0x08009e41   Thumb Code    22  stm32f10x_adc.o(.text)
    ADC_ITConfig                             0x08009e57   Thumb Code    24  stm32f10x_adc.o(.text)
    ADC_ResetCalibration                     0x08009e6f   Thumb Code    10  stm32f10x_adc.o(.text)
    ADC_GetResetCalibrationStatus            0x08009e79   Thumb Code    20  stm32f10x_adc.o(.text)
    ADC_StartCalibration                     0x08009e8d   Thumb Code    10  stm32f10x_adc.o(.text)
    ADC_GetCalibrationStatus                 0x08009e97   Thumb Code    20  stm32f10x_adc.o(.text)
    ADC_SoftwareStartConvCmd                 0x08009eab   Thumb Code    22  stm32f10x_adc.o(.text)
    ADC_GetSoftwareStartConvStatus           0x08009ec1   Thumb Code    20  stm32f10x_adc.o(.text)
    ADC_DiscModeChannelCountConfig           0x08009ed5   Thumb Code    24  stm32f10x_adc.o(.text)
    ADC_DiscModeCmd                          0x08009eed   Thumb Code    22  stm32f10x_adc.o(.text)
    ADC_RegularChannelConfig                 0x08009f03   Thumb Code   184  stm32f10x_adc.o(.text)
    ADC_ExternalTrigConvCmd                  0x08009fbb   Thumb Code    22  stm32f10x_adc.o(.text)
    ADC_GetConversionValue                   0x08009fd1   Thumb Code     8  stm32f10x_adc.o(.text)
    ADC_GetDualModeConversionValue           0x08009fd9   Thumb Code     8  stm32f10x_adc.o(.text)
    ADC_AutoInjectedConvCmd                  0x08009fe1   Thumb Code    22  stm32f10x_adc.o(.text)
    ADC_InjectedDiscModeCmd                  0x08009ff7   Thumb Code    22  stm32f10x_adc.o(.text)
    ADC_ExternalTrigInjectedConvConfig       0x0800a00d   Thumb Code    16  stm32f10x_adc.o(.text)
    ADC_ExternalTrigInjectedConvCmd          0x0800a01d   Thumb Code    22  stm32f10x_adc.o(.text)
    ADC_SoftwareStartInjectedConvCmd         0x0800a033   Thumb Code    22  stm32f10x_adc.o(.text)
    ADC_GetSoftwareStartInjectedConvCmdStatus 0x0800a049   Thumb Code    20  stm32f10x_adc.o(.text)
    ADC_InjectedChannelConfig                0x0800a05d   Thumb Code   130  stm32f10x_adc.o(.text)
    ADC_InjectedSequencerLengthConfig        0x0800a0df   Thumb Code    24  stm32f10x_adc.o(.text)
    ADC_SetInjectedOffset                    0x0800a0f7   Thumb Code    20  stm32f10x_adc.o(.text)
    ADC_GetInjectedConversionValue           0x0800a10b   Thumb Code    28  stm32f10x_adc.o(.text)
    ADC_AnalogWatchdogCmd                    0x0800a127   Thumb Code    16  stm32f10x_adc.o(.text)
    ADC_AnalogWatchdogThresholdsConfig       0x0800a137   Thumb Code     6  stm32f10x_adc.o(.text)
    ADC_AnalogWatchdogSingleChannelConfig    0x0800a13d   Thumb Code    16  stm32f10x_adc.o(.text)
    ADC_TempSensorVrefintCmd                 0x0800a14d   Thumb Code    64  stm32f10x_adc.o(.text)
    ADC_GetFlagStatus                        0x0800a18d   Thumb Code    18  stm32f10x_adc.o(.text)
    ADC_ClearFlag                            0x0800a19f   Thumb Code     6  stm32f10x_adc.o(.text)
    ADC_GetITStatus                          0x0800a1a5   Thumb Code    36  stm32f10x_adc.o(.text)
    ADC_ClearITPendingBit                    0x0800a1c9   Thumb Code    10  stm32f10x_adc.o(.text)
    delay_init                               0x0800a1d5   Thumb Code    50  delay.o(.text)
    delay_us                                 0x0800a207   Thumb Code    72  delay.o(.text)
    delay_ms                                 0x0800a24f   Thumb Code    72  delay.o(.text)
    _sys_exit                                0x0800a2a9   Thumb Code     6  usart.o(.text)
    fputc                                    0x0800a2af   Thumb Code    24  usart.o(.text)
    uart_init                                0x0800a2c7   Thumb Code   152  usart.o(.text)
    USART1_IRQHandler                        0x0800a35f   Thumb Code   122  usart.o(.text)
    Reset_Handler                            0x0800a3e9   Thumb Code     8  startup_stm32f10x_hd.o(.text)
    ADC1_2_IRQHandler                        0x0800a403   Thumb Code     0  startup_stm32f10x_hd.o(.text)
    ADC3_IRQHandler                          0x0800a403   Thumb Code     0  startup_stm32f10x_hd.o(.text)
    CAN1_RX1_IRQHandler                      0x0800a403   Thumb Code     0  startup_stm32f10x_hd.o(.text)
    CAN1_SCE_IRQHandler                      0x0800a403   Thumb Code     0  startup_stm32f10x_hd.o(.text)
    DMA1_Channel1_IRQHandler                 0x0800a403   Thumb Code     0  startup_stm32f10x_hd.o(.text)
    DMA1_Channel2_IRQHandler                 0x0800a403   Thumb Code     0  startup_stm32f10x_hd.o(.text)
    DMA1_Channel3_IRQHandler                 0x0800a403   Thumb Code     0  startup_stm32f10x_hd.o(.text)
    DMA1_Channel4_IRQHandler                 0x0800a403   Thumb Code     0  startup_stm32f10x_hd.o(.text)
    DMA1_Channel5_IRQHandler                 0x0800a403   Thumb Code     0  startup_stm32f10x_hd.o(.text)
    DMA1_Channel6_IRQHandler                 0x0800a403   Thumb Code     0  startup_stm32f10x_hd.o(.text)
    DMA1_Channel7_IRQHandler                 0x0800a403   Thumb Code     0  startup_stm32f10x_hd.o(.text)
    DMA2_Channel1_IRQHandler                 0x0800a403   Thumb Code     0  startup_stm32f10x_hd.o(.text)
    DMA2_Channel2_IRQHandler                 0x0800a403   Thumb Code     0  startup_stm32f10x_hd.o(.text)
    DMA2_Channel3_IRQHandler                 0x0800a403   Thumb Code     0  startup_stm32f10x_hd.o(.text)
    DMA2_Channel4_5_IRQHandler               0x0800a403   Thumb Code     0  startup_stm32f10x_hd.o(.text)
    EXTI15_10_IRQHandler                     0x0800a403   Thumb Code     0  startup_stm32f10x_hd.o(.text)
    EXTI1_IRQHandler                         0x0800a403   Thumb Code     0  startup_stm32f10x_hd.o(.text)
    FLASH_IRQHandler                         0x0800a403   Thumb Code     0  startup_stm32f10x_hd.o(.text)
    FSMC_IRQHandler                          0x0800a403   Thumb Code     0  startup_stm32f10x_hd.o(.text)
    I2C1_ER_IRQHandler                       0x0800a403   Thumb Code     0  startup_stm32f10x_hd.o(.text)
    I2C1_EV_IRQHandler                       0x0800a403   Thumb Code     0  startup_stm32f10x_hd.o(.text)
    I2C2_ER_IRQHandler                       0x0800a403   Thumb Code     0  startup_stm32f10x_hd.o(.text)
    I2C2_EV_IRQHandler                       0x0800a403   Thumb Code     0  startup_stm32f10x_hd.o(.text)
    PVD_IRQHandler                           0x0800a403   Thumb Code     0  startup_stm32f10x_hd.o(.text)
    RCC_IRQHandler                           0x0800a403   Thumb Code     0  startup_stm32f10x_hd.o(.text)
    RTCAlarm_IRQHandler                      0x0800a403   Thumb Code     0  startup_stm32f10x_hd.o(.text)
    RTC_IRQHandler                           0x0800a403   Thumb Code     0  startup_stm32f10x_hd.o(.text)
    SDIO_IRQHandler                          0x0800a403   Thumb Code     0  startup_stm32f10x_hd.o(.text)
    SPI1_IRQHandler                          0x0800a403   Thumb Code     0  startup_stm32f10x_hd.o(.text)
    SPI2_IRQHandler                          0x0800a403   Thumb Code     0  startup_stm32f10x_hd.o(.text)
    SPI3_IRQHandler                          0x0800a403   Thumb Code     0  startup_stm32f10x_hd.o(.text)
    TAMPER_IRQHandler                        0x0800a403   Thumb Code     0  startup_stm32f10x_hd.o(.text)
    TIM1_BRK_IRQHandler                      0x0800a403   Thumb Code     0  startup_stm32f10x_hd.o(.text)
    TIM1_CC_IRQHandler                       0x0800a403   Thumb Code     0  startup_stm32f10x_hd.o(.text)
    TIM1_TRG_COM_IRQHandler                  0x0800a403   Thumb Code     0  startup_stm32f10x_hd.o(.text)
    TIM1_UP_IRQHandler                       0x0800a403   Thumb Code     0  startup_stm32f10x_hd.o(.text)
    TIM2_IRQHandler                          0x0800a403   Thumb Code     0  startup_stm32f10x_hd.o(.text)
    TIM5_IRQHandler                          0x0800a403   Thumb Code     0  startup_stm32f10x_hd.o(.text)
    TIM6_IRQHandler                          0x0800a403   Thumb Code     0  startup_stm32f10x_hd.o(.text)
    TIM8_BRK_IRQHandler                      0x0800a403   Thumb Code     0  startup_stm32f10x_hd.o(.text)
    TIM8_CC_IRQHandler                       0x0800a403   Thumb Code     0  startup_stm32f10x_hd.o(.text)
    TIM8_TRG_COM_IRQHandler                  0x0800a403   Thumb Code     0  startup_stm32f10x_hd.o(.text)
    TIM8_UP_IRQHandler                       0x0800a403   Thumb Code     0  startup_stm32f10x_hd.o(.text)
    UART4_IRQHandler                         0x0800a403   Thumb Code     0  startup_stm32f10x_hd.o(.text)
    UART5_IRQHandler                         0x0800a403   Thumb Code     0  startup_stm32f10x_hd.o(.text)
    USART2_IRQHandler                        0x0800a403   Thumb Code     0  startup_stm32f10x_hd.o(.text)
    USBWakeUp_IRQHandler                     0x0800a403   Thumb Code     0  startup_stm32f10x_hd.o(.text)
    USB_HP_CAN1_TX_IRQHandler                0x0800a403   Thumb Code     0  startup_stm32f10x_hd.o(.text)
    USB_LP_CAN1_RX0_IRQHandler               0x0800a403   Thumb Code     0  startup_stm32f10x_hd.o(.text)
    WWDG_IRQHandler                          0x0800a403   Thumb Code     0  startup_stm32f10x_hd.o(.text)
    __user_initial_stackheap                 0x0800a405   Thumb Code     0  startup_stm32f10x_hd.o(.text)
    NVIC_PriorityGroupConfig                 0x0800a429   Thumb Code    10  misc.o(.text)
    NVIC_Init                                0x0800a433   Thumb Code   100  misc.o(.text)
    NVIC_SetVectorTable                      0x0800a497   Thumb Code    14  misc.o(.text)
    NVIC_SystemLPConfig                      0x0800a4a5   Thumb Code    34  misc.o(.text)
    SysTick_CLKSourceConfig                  0x0800a4c7   Thumb Code    40  misc.o(.text)
    GPIO_DeInit                              0x0800a505   Thumb Code   172  stm32f10x_gpio.o(.text)
    GPIO_AFIODeInit                          0x0800a5b1   Thumb Code    20  stm32f10x_gpio.o(.text)
    GPIO_Init                                0x0800a5c5   Thumb Code   278  stm32f10x_gpio.o(.text)
    GPIO_StructInit                          0x0800a6db   Thumb Code    16  stm32f10x_gpio.o(.text)
    GPIO_ReadInputDataBit                    0x0800a6eb   Thumb Code    18  stm32f10x_gpio.o(.text)
    GPIO_ReadInputData                       0x0800a6fd   Thumb Code     8  stm32f10x_gpio.o(.text)
    GPIO_ReadOutputDataBit                   0x0800a705   Thumb Code    18  stm32f10x_gpio.o(.text)
    GPIO_ReadOutputData                      0x0800a717   Thumb Code     8  stm32f10x_gpio.o(.text)
    GPIO_SetBits                             0x0800a71f   Thumb Code     4  stm32f10x_gpio.o(.text)
    GPIO_ResetBits                           0x0800a723   Thumb Code     4  stm32f10x_gpio.o(.text)
    GPIO_WriteBit                            0x0800a727   Thumb Code    10  stm32f10x_gpio.o(.text)
    GPIO_Write                               0x0800a731   Thumb Code     4  stm32f10x_gpio.o(.text)
    GPIO_PinLockConfig                       0x0800a735   Thumb Code    18  stm32f10x_gpio.o(.text)
    GPIO_EventOutputConfig                   0x0800a747   Thumb Code    26  stm32f10x_gpio.o(.text)
    GPIO_EventOutputCmd                      0x0800a761   Thumb Code     6  stm32f10x_gpio.o(.text)
    GPIO_PinRemapConfig                      0x0800a767   Thumb Code   138  stm32f10x_gpio.o(.text)
    GPIO_EXTILineConfig                      0x0800a7f1   Thumb Code    66  stm32f10x_gpio.o(.text)
    GPIO_ETH_MediaInterfaceConfig            0x0800a833   Thumb Code     8  stm32f10x_gpio.o(.text)
    RCC_DeInit                               0x0800a861   Thumb Code    64  stm32f10x_rcc.o(.text)
    RCC_HSEConfig                            0x0800a8a1   Thumb Code    70  stm32f10x_rcc.o(.text)
    RCC_GetFlagStatus                        0x0800a8e7   Thumb Code    56  stm32f10x_rcc.o(.text)
    RCC_WaitForHSEStartUp                    0x0800a91f   Thumb Code    56  stm32f10x_rcc.o(.text)
    RCC_AdjustHSICalibrationValue            0x0800a957   Thumb Code    20  stm32f10x_rcc.o(.text)
    RCC_HSICmd                               0x0800a96b   Thumb Code     6  stm32f10x_rcc.o(.text)
    RCC_PLLConfig                            0x0800a971   Thumb Code    24  stm32f10x_rcc.o(.text)
    RCC_PLLCmd                               0x0800a989   Thumb Code     6  stm32f10x_rcc.o(.text)
    RCC_SYSCLKConfig                         0x0800a98f   Thumb Code    18  stm32f10x_rcc.o(.text)
    RCC_GetSYSCLKSource                      0x0800a9a1   Thumb Code    10  stm32f10x_rcc.o(.text)
    RCC_HCLKConfig                           0x0800a9ab   Thumb Code    18  stm32f10x_rcc.o(.text)
    RCC_PCLK1Config                          0x0800a9bd   Thumb Code    18  stm32f10x_rcc.o(.text)
    RCC_PCLK2Config                          0x0800a9cf   Thumb Code    20  stm32f10x_rcc.o(.text)
    RCC_ITConfig                             0x0800a9e3   Thumb Code    26  stm32f10x_rcc.o(.text)
    RCC_USBCLKConfig                         0x0800a9fd   Thumb Code     8  stm32f10x_rcc.o(.text)
    RCC_ADCCLKConfig                         0x0800aa05   Thumb Code    18  stm32f10x_rcc.o(.text)
    RCC_LSEConfig                            0x0800aa17   Thumb Code    50  stm32f10x_rcc.o(.text)
    RCC_LSICmd                               0x0800aa49   Thumb Code     6  stm32f10x_rcc.o(.text)
    RCC_RTCCLKConfig                         0x0800aa4f   Thumb Code    12  stm32f10x_rcc.o(.text)
    RCC_RTCCLKCmd                            0x0800aa5b   Thumb Code     8  stm32f10x_rcc.o(.text)
    RCC_GetClocksFreq                        0x0800aa63   Thumb Code   192  stm32f10x_rcc.o(.text)
    RCC_AHBPeriphClockCmd                    0x0800ab23   Thumb Code    26  stm32f10x_rcc.o(.text)
    RCC_APB2PeriphClockCmd                   0x0800ab3d   Thumb Code    26  stm32f10x_rcc.o(.text)
    RCC_APB1PeriphClockCmd                   0x0800ab57   Thumb Code    26  stm32f10x_rcc.o(.text)
    RCC_APB2PeriphResetCmd                   0x0800ab71   Thumb Code    26  stm32f10x_rcc.o(.text)
    RCC_APB1PeriphResetCmd                   0x0800ab8b   Thumb Code    26  stm32f10x_rcc.o(.text)
    RCC_BackupResetCmd                       0x0800aba5   Thumb Code     8  stm32f10x_rcc.o(.text)
    RCC_ClockSecuritySystemCmd               0x0800abad   Thumb Code     6  stm32f10x_rcc.o(.text)
    RCC_MCOConfig                            0x0800abb3   Thumb Code     6  stm32f10x_rcc.o(.text)
    RCC_ClearFlag                            0x0800abb9   Thumb Code    14  stm32f10x_rcc.o(.text)
    RCC_GetITStatus                          0x0800abc7   Thumb Code    20  stm32f10x_rcc.o(.text)
    RCC_ClearITPendingBit                    0x0800abdb   Thumb Code     6  stm32f10x_rcc.o(.text)
    USART_DeInit                             0x0800ac05   Thumb Code   134  stm32f10x_usart.o(.text)
    USART_Init                               0x0800ac8b   Thumb Code   210  stm32f10x_usart.o(.text)
    USART_StructInit                         0x0800ad5d   Thumb Code    24  stm32f10x_usart.o(.text)
    USART_ClockInit                          0x0800ad75   Thumb Code    34  stm32f10x_usart.o(.text)
    USART_ClockStructInit                    0x0800ad97   Thumb Code    12  stm32f10x_usart.o(.text)
    USART_Cmd                                0x0800ada3   Thumb Code    24  stm32f10x_usart.o(.text)
    USART_ITConfig                           0x0800adbb   Thumb Code    74  stm32f10x_usart.o(.text)
    USART_DMACmd                             0x0800ae05   Thumb Code    18  stm32f10x_usart.o(.text)
    USART_SetAddress                         0x0800ae17   Thumb Code    18  stm32f10x_usart.o(.text)
    USART_WakeUpConfig                       0x0800ae29   Thumb Code    18  stm32f10x_usart.o(.text)
    USART_ReceiverWakeUpCmd                  0x0800ae3b   Thumb Code    24  stm32f10x_usart.o(.text)
    USART_LINBreakDetectLengthConfig         0x0800ae53   Thumb Code    18  stm32f10x_usart.o(.text)
    USART_LINCmd                             0x0800ae65   Thumb Code    24  stm32f10x_usart.o(.text)
    USART_SendData                           0x0800ae7d   Thumb Code     8  stm32f10x_usart.o(.text)
    USART_ReceiveData                        0x0800ae85   Thumb Code    10  stm32f10x_usart.o(.text)
    USART_SendBreak                          0x0800ae8f   Thumb Code    10  stm32f10x_usart.o(.text)
    USART_SetGuardTime                       0x0800ae99   Thumb Code    16  stm32f10x_usart.o(.text)
    USART_SetPrescaler                       0x0800aea9   Thumb Code    16  stm32f10x_usart.o(.text)
    USART_SmartCardCmd                       0x0800aeb9   Thumb Code    24  stm32f10x_usart.o(.text)
    USART_SmartCardNACKCmd                   0x0800aed1   Thumb Code    24  stm32f10x_usart.o(.text)
    USART_HalfDuplexCmd                      0x0800aee9   Thumb Code    24  stm32f10x_usart.o(.text)
    USART_OverSampling8Cmd                   0x0800af01   Thumb Code    22  stm32f10x_usart.o(.text)
    USART_OneBitMethodCmd                    0x0800af17   Thumb Code    24  stm32f10x_usart.o(.text)
    USART_IrDAConfig                         0x0800af2f   Thumb Code    18  stm32f10x_usart.o(.text)
    USART_IrDACmd                            0x0800af41   Thumb Code    24  stm32f10x_usart.o(.text)
    USART_GetFlagStatus                      0x0800af59   Thumb Code    26  stm32f10x_usart.o(.text)
    USART_ClearFlag                          0x0800af73   Thumb Code    18  stm32f10x_usart.o(.text)
    USART_GetITStatus                        0x0800af85   Thumb Code    84  stm32f10x_usart.o(.text)
    USART_ClearITPendingBit                  0x0800afd9   Thumb Code    52  stm32f10x_usart.o(.text)
    EXTI_DeInit                              0x0800b00d   Thumb Code    28  stm32f10x_exti.o(.text)
    EXTI_Init                                0x0800b029   Thumb Code   142  stm32f10x_exti.o(.text)
    EXTI_StructInit                          0x0800b0b7   Thumb Code    16  stm32f10x_exti.o(.text)
    EXTI_GenerateSWInterrupt                 0x0800b0c7   Thumb Code    16  stm32f10x_exti.o(.text)
    EXTI_GetFlagStatus                       0x0800b0d7   Thumb Code    22  stm32f10x_exti.o(.text)
    EXTI_ClearFlag                           0x0800b0ed   Thumb Code     8  stm32f10x_exti.o(.text)
    EXTI_GetITStatus                         0x0800b0f5   Thumb Code    34  stm32f10x_exti.o(.text)
    EXTI_ClearITPendingBit                   0x0800b117   Thumb Code     8  stm32f10x_exti.o(.text)
    TIM_DeInit                               0x0800b129   Thumb Code   424  stm32f10x_tim.o(.text)
    TIM_TimeBaseInit                         0x0800b2d1   Thumb Code   122  stm32f10x_tim.o(.text)
    TIM_OC1Init                              0x0800b34b   Thumb Code   132  stm32f10x_tim.o(.text)
    TIM_OC2Init                              0x0800b3cf   Thumb Code   154  stm32f10x_tim.o(.text)
    TIM_OC3Init                              0x0800b469   Thumb Code   150  stm32f10x_tim.o(.text)
    TIM_OC4Init                              0x0800b4ff   Thumb Code   182  stm32f10x_tim.o(.text)
    TIM_SetIC4Prescaler                      0x0800b5b5   Thumb Code    26  stm32f10x_tim.o(.text)
    TIM_SetIC3Prescaler                      0x0800b651   Thumb Code    18  stm32f10x_tim.o(.text)
    TIM_SetIC2Prescaler                      0x0800b6dd   Thumb Code    26  stm32f10x_tim.o(.text)
    TIM_SetIC1Prescaler                      0x0800b779   Thumb Code    18  stm32f10x_tim.o(.text)
    TIM_ICInit                               0x0800b7f7   Thumb Code   150  stm32f10x_tim.o(.text)
    TIM_PWMIConfig                           0x0800b88d   Thumb Code   124  stm32f10x_tim.o(.text)
    TIM_BDTRConfig                           0x0800b909   Thumb Code    32  stm32f10x_tim.o(.text)
    TIM_TimeBaseStructInit                   0x0800b929   Thumb Code    18  stm32f10x_tim.o(.text)
    TIM_OCStructInit                         0x0800b93b   Thumb Code    20  stm32f10x_tim.o(.text)
    TIM_ICStructInit                         0x0800b94f   Thumb Code    18  stm32f10x_tim.o(.text)
    TIM_BDTRStructInit                       0x0800b961   Thumb Code    40  stm32f10x_tim.o(.text)
    TIM_Cmd                                  0x0800b989   Thumb Code    24  stm32f10x_tim.o(.text)
    TIM_CtrlPWMOutputs                       0x0800b9a1   Thumb Code    30  stm32f10x_tim.o(.text)
    TIM_ITConfig                             0x0800b9bf   Thumb Code    18  stm32f10x_tim.o(.text)
    TIM_GenerateEvent                        0x0800b9d1   Thumb Code     4  stm32f10x_tim.o(.text)
    TIM_DMAConfig                            0x0800b9d5   Thumb Code    10  stm32f10x_tim.o(.text)
    TIM_DMACmd                               0x0800b9df   Thumb Code    18  stm32f10x_tim.o(.text)
    TIM_InternalClockConfig                  0x0800b9f1   Thumb Code    12  stm32f10x_tim.o(.text)
    TIM_SelectInputTrigger                   0x0800b9fd   Thumb Code    18  stm32f10x_tim.o(.text)
    TIM_ITRxExternalClockConfig              0x0800ba0f   Thumb Code    24  stm32f10x_tim.o(.text)
    TIM_TIxExternalClockConfig               0x0800ba27   Thumb Code    62  stm32f10x_tim.o(.text)
    TIM_ETRConfig                            0x0800ba65   Thumb Code    28  stm32f10x_tim.o(.text)
    TIM_ETRClockMode1Config                  0x0800ba81   Thumb Code    54  stm32f10x_tim.o(.text)
    TIM_ETRClockMode2Config                  0x0800bab7   Thumb Code    32  stm32f10x_tim.o(.text)
    TIM_PrescalerConfig                      0x0800bad7   Thumb Code     6  stm32f10x_tim.o(.text)
    TIM_CounterModeConfig                    0x0800badd   Thumb Code    18  stm32f10x_tim.o(.text)
    TIM_EncoderInterfaceConfig               0x0800baef   Thumb Code    66  stm32f10x_tim.o(.text)
    TIM_ForcedOC1Config                      0x0800bb31   Thumb Code    18  stm32f10x_tim.o(.text)
    TIM_ForcedOC2Config                      0x0800bb43   Thumb Code    26  stm32f10x_tim.o(.text)
    TIM_ForcedOC3Config                      0x0800bb5d   Thumb Code    18  stm32f10x_tim.o(.text)
    TIM_ForcedOC4Config                      0x0800bb6f   Thumb Code    26  stm32f10x_tim.o(.text)
    TIM_ARRPreloadConfig                     0x0800bb89   Thumb Code    24  stm32f10x_tim.o(.text)
    TIM_SelectCOM                            0x0800bba1   Thumb Code    24  stm32f10x_tim.o(.text)
    TIM_SelectCCDMA                          0x0800bbb9   Thumb Code    24  stm32f10x_tim.o(.text)
    TIM_CCPreloadControl                     0x0800bbd1   Thumb Code    24  stm32f10x_tim.o(.text)
    TIM_OC1PreloadConfig                     0x0800bbe9   Thumb Code    18  stm32f10x_tim.o(.text)
    TIM_OC2PreloadConfig                     0x0800bbfb   Thumb Code    26  stm32f10x_tim.o(.text)
    TIM_OC3PreloadConfig                     0x0800bc15   Thumb Code    18  stm32f10x_tim.o(.text)
    TIM_OC4PreloadConfig                     0x0800bc27   Thumb Code    26  stm32f10x_tim.o(.text)
    TIM_OC1FastConfig                        0x0800bc41   Thumb Code    18  stm32f10x_tim.o(.text)
    TIM_OC2FastConfig                        0x0800bc53   Thumb Code    26  stm32f10x_tim.o(.text)
    TIM_OC3FastConfig                        0x0800bc6d   Thumb Code    18  stm32f10x_tim.o(.text)
    TIM_OC4FastConfig                        0x0800bc7f   Thumb Code    26  stm32f10x_tim.o(.text)
    TIM_ClearOC1Ref                          0x0800bc99   Thumb Code    18  stm32f10x_tim.o(.text)
    TIM_ClearOC2Ref                          0x0800bcab   Thumb Code    24  stm32f10x_tim.o(.text)
    TIM_ClearOC3Ref                          0x0800bcc3   Thumb Code    18  stm32f10x_tim.o(.text)
    TIM_ClearOC4Ref                          0x0800bcd5   Thumb Code    24  stm32f10x_tim.o(.text)
    TIM_OC1PolarityConfig                    0x0800bced   Thumb Code    18  stm32f10x_tim.o(.text)
    TIM_OC1NPolarityConfig                   0x0800bcff   Thumb Code    18  stm32f10x_tim.o(.text)
    TIM_OC2PolarityConfig                    0x0800bd11   Thumb Code    26  stm32f10x_tim.o(.text)
    TIM_OC2NPolarityConfig                   0x0800bd2b   Thumb Code    26  stm32f10x_tim.o(.text)
    TIM_OC3PolarityConfig                    0x0800bd45   Thumb Code    26  stm32f10x_tim.o(.text)
    TIM_OC3NPolarityConfig                   0x0800bd5f   Thumb Code    26  stm32f10x_tim.o(.text)
    TIM_OC4PolarityConfig                    0x0800bd79   Thumb Code    26  stm32f10x_tim.o(.text)
    TIM_CCxCmd                               0x0800bd93   Thumb Code    30  stm32f10x_tim.o(.text)
    TIM_CCxNCmd                              0x0800bdb1   Thumb Code    30  stm32f10x_tim.o(.text)
    TIM_SelectOCxM                           0x0800bdcf   Thumb Code    82  stm32f10x_tim.o(.text)
    TIM_UpdateDisableConfig                  0x0800be21   Thumb Code    24  stm32f10x_tim.o(.text)
    TIM_UpdateRequestConfig                  0x0800be39   Thumb Code    24  stm32f10x_tim.o(.text)
    TIM_SelectHallSensor                     0x0800be51   Thumb Code    24  stm32f10x_tim.o(.text)
    TIM_SelectOnePulseMode                   0x0800be69   Thumb Code    18  stm32f10x_tim.o(.text)
    TIM_SelectOutputTrigger                  0x0800be7b   Thumb Code    18  stm32f10x_tim.o(.text)
    TIM_SelectSlaveMode                      0x0800be8d   Thumb Code    18  stm32f10x_tim.o(.text)
    TIM_SelectMasterSlaveMode                0x0800be9f   Thumb Code    18  stm32f10x_tim.o(.text)
    TIM_SetCounter                           0x0800beb1   Thumb Code     4  stm32f10x_tim.o(.text)
    TIM_SetAutoreload                        0x0800beb5   Thumb Code     4  stm32f10x_tim.o(.text)
    TIM_SetCompare1                          0x0800beb9   Thumb Code     4  stm32f10x_tim.o(.text)
    TIM_SetCompare2                          0x0800bebd   Thumb Code     4  stm32f10x_tim.o(.text)
    TIM_SetCompare3                          0x0800bec1   Thumb Code     4  stm32f10x_tim.o(.text)
    TIM_SetCompare4                          0x0800bec5   Thumb Code     6  stm32f10x_tim.o(.text)
    TIM_SetClockDivision                     0x0800becb   Thumb Code    18  stm32f10x_tim.o(.text)
    TIM_GetCapture1                          0x0800bedd   Thumb Code     6  stm32f10x_tim.o(.text)
    TIM_GetCapture2                          0x0800bee3   Thumb Code     6  stm32f10x_tim.o(.text)
    TIM_GetCapture3                          0x0800bee9   Thumb Code     6  stm32f10x_tim.o(.text)
    TIM_GetCapture4                          0x0800beef   Thumb Code     8  stm32f10x_tim.o(.text)
    TIM_GetCounter                           0x0800bef7   Thumb Code     6  stm32f10x_tim.o(.text)
    TIM_GetPrescaler                         0x0800befd   Thumb Code     6  stm32f10x_tim.o(.text)
    TIM_GetFlagStatus                        0x0800bf03   Thumb Code    18  stm32f10x_tim.o(.text)
    TIM_ClearFlag                            0x0800bf15   Thumb Code     6  stm32f10x_tim.o(.text)
    TIM_GetITStatus                          0x0800bf1b   Thumb Code    34  stm32f10x_tim.o(.text)
    TIM_ClearITPendingBit                    0x0800bf3d   Thumb Code     6  stm32f10x_tim.o(.text)
    FSMC_NORSRAMDeInit                       0x0800bf45   Thumb Code    54  stm32f10x_fsmc.o(.text)
    FSMC_NANDDeInit                          0x0800bf7b   Thumb Code    62  stm32f10x_fsmc.o(.text)
    FSMC_PCCARDDeInit                        0x0800bfb9   Thumb Code    36  stm32f10x_fsmc.o(.text)
    FSMC_NORSRAMInit                         0x0800bfdd   Thumb Code   230  stm32f10x_fsmc.o(.text)
    FSMC_NANDInit                            0x0800c0c3   Thumb Code   132  stm32f10x_fsmc.o(.text)
    FSMC_PCCARDInit                          0x0800c147   Thumb Code   130  stm32f10x_fsmc.o(.text)
    FSMC_NORSRAMStructInit                   0x0800c1c9   Thumb Code   114  stm32f10x_fsmc.o(.text)
    FSMC_NANDStructInit                      0x0800c23b   Thumb Code    54  stm32f10x_fsmc.o(.text)
    FSMC_PCCARDStructInit                    0x0800c271   Thumb Code    60  stm32f10x_fsmc.o(.text)
    FSMC_NORSRAMCmd                          0x0800c2ad   Thumb Code    46  stm32f10x_fsmc.o(.text)
    FSMC_NANDCmd                             0x0800c2db   Thumb Code    86  stm32f10x_fsmc.o(.text)
    FSMC_PCCARDCmd                           0x0800c331   Thumb Code    44  stm32f10x_fsmc.o(.text)
    FSMC_NANDECCCmd                          0x0800c35d   Thumb Code    90  stm32f10x_fsmc.o(.text)
    FSMC_GetECC                              0x0800c3b7   Thumb Code    24  stm32f10x_fsmc.o(.text)
    FSMC_ITConfig                            0x0800c3cf   Thumb Code   128  stm32f10x_fsmc.o(.text)
    FSMC_GetFlagStatus                       0x0800c44f   Thumb Code    54  stm32f10x_fsmc.o(.text)
    FSMC_ClearFlag                           0x0800c485   Thumb Code    62  stm32f10x_fsmc.o(.text)
    FSMC_GetITStatus                         0x0800c4c3   Thumb Code    64  stm32f10x_fsmc.o(.text)
    FSMC_ClearITPendingBit                   0x0800c503   Thumb Code    68  stm32f10x_fsmc.o(.text)
    atk_8266_apsta_test                      0x0800c551   Thumb Code   984  apsta.o(.text)
    atk_8266_at_response                     0x0800cbf1   Thumb Code    46  common.o(.text)
    atk_8266_check_cmd                       0x0800cc1f   Thumb Code    44  common.o(.text)
    atk_8266_send_cmd                        0x0800cc4b   Thumb Code    92  common.o(.text)
    atk_8266_send_data                       0x0800cca7   Thumb Code    84  common.o(.text)
    atk_8266_quit_trans                      0x0800ccfb   Thumb Code   100  common.o(.text)
    atk_8266_apsta_check                     0x0800cd5f   Thumb Code    62  common.o(.text)
    atk_8266_consta_check                    0x0800cd9d   Thumb Code    36  common.o(.text)
    atk_8266_load_keyboard                   0x0800cdc1   Thumb Code   184  common.o(.text)
    atk_8266_key_staset                      0x0800ce79   Thumb Code   242  common.o(.text)
    atk_8266_get_wanip                       0x0800cf6b   Thumb Code    58  common.o(.text)
    atk_8266_get_ip                          0x0800cfa5   Thumb Code   398  common.o(.text)
    atk_8266_msg_show                        0x0800d133   Thumb Code   416  common.o(.text)
    atk_8266_wificonf_show                   0x0800d2d3   Thumb Code    78  common.o(.text)
    atk_8266_netpro_sel                      0x0800d321   Thumb Code   272  common.o(.text)
    atk_8266_mode_cofig                      0x0800d431   Thumb Code   740  common.o(.text)
    atk_8266_mtest_ui                        0x0800d715   Thumb Code    54  common.o(.text)
    atk_8266_test                            0x0800d74b   Thumb Code   172  common.o(.text)
    send_data_to_usart3                      0x0800d7f7   Thumb Code   152  common.o(.text)
    recv_data_analysis                       0x0800d88f   Thumb Code  1226  common.o(.text)
    atk_8266_wifiap_test                     0x0800dd59   Thumb Code   770  wifiap.o(.text)
    atk_8266_wifista_test                    0x0800e27d   Thumb Code   218  wifista.o(.text)
    __use_no_semihosting                     0x0800e485   Thumb Code     2  use_no_semi_2.o(.text)
    __c89vsprintf                            0x0800e489   Thumb Code    32  c89vsprintf.o(.text)
    __2printf                                0x0800e4ad   Thumb Code    20  __2printf.o(.text)
    __2sprintf                               0x0800e4c5   Thumb Code    38  __2sprintf.o(.text)
    _printf_pre_padding                      0x0800e4f1   Thumb Code    44  _printf_pad.o(.text)
    _printf_post_padding                     0x0800e51d   Thumb Code    34  _printf_pad.o(.text)
    _printf_str                              0x0800e53f   Thumb Code    82  _printf_str.o(.text)
    _printf_int_dec                          0x0800e591   Thumb Code   104  _printf_dec.o(.text)
    _printf_longlong_hex                     0x0800e609   Thumb Code    86  _printf_hex_int_ll_ptr.o(.text)
    _printf_int_hex                          0x0800e65f   Thumb Code    28  _printf_hex_int_ll_ptr.o(.text)
    _printf_ll_hex                           0x0800e67b   Thumb Code    12  _printf_hex_int_ll_ptr.o(.text)
    _printf_hex_ptr                          0x0800e687   Thumb Code    18  _printf_hex_int_ll_ptr.o(.text)
    __printf                                 0x0800e69d   Thumb Code   388  __printf_flags_ss_wp.o(.text)
    strstr                                   0x0800e825   Thumb Code    36  strstr.o(.text)
    strlen                                   0x0800e849   Thumb Code    62  strlen.o(.text)
    __aeabi_memclr4                          0x0800e887   Thumb Code     0  rt_memclr_w.o(.text)
    __aeabi_memclr8                          0x0800e887   Thumb Code     0  rt_memclr_w.o(.text)
    __rt_memclr_w                            0x0800e887   Thumb Code    78  rt_memclr_w.o(.text)
    _memset_w                                0x0800e88b   Thumb Code     0  rt_memclr_w.o(.text)
    strcmp                                   0x0800e8d5   Thumb Code   128  strcmpv7m.o(.text)
    __use_two_region_memory                  0x0800e955   Thumb Code     2  heapauxi.o(.text)
    __rt_heap_escrow$2region                 0x0800e957   Thumb Code     2  heapauxi.o(.text)
    __rt_heap_expand$2region                 0x0800e959   Thumb Code     2  heapauxi.o(.text)
    __I$use$semihosting                      0x0800e95b   Thumb Code     0  use_no_semi.o(.text)
    __use_no_semihosting_swi                 0x0800e95b   Thumb Code     2  use_no_semi.o(.text)
    __read_errno                             0x0800e95d   Thumb Code    10  _rserrno.o(.text)
    __set_errno                              0x0800e967   Thumb Code    12  _rserrno.o(.text)
    _printf_truncate_signed                  0x0800e973   Thumb Code    18  _printf_truncate.o(.text)
    _printf_truncate_unsigned                0x0800e985   Thumb Code    18  _printf_truncate.o(.text)
    _printf_int_common                       0x0800e997   Thumb Code   178  _printf_intcommon.o(.text)
    _printf_charcount                        0x0800ea49   Thumb Code    40  _printf_charcount.o(.text)
    _printf_char_common                      0x0800ea7b   Thumb Code    32  _printf_char_common.o(.text)
    _sputc                                   0x0800eaa1   Thumb Code    10  _sputc.o(.text)
    _printf_cs_common                        0x0800eaab   Thumb Code    20  _printf_char.o(.text)
    _printf_char                             0x0800eabf   Thumb Code    16  _printf_char.o(.text)
    _printf_string                           0x0800eacf   Thumb Code     8  _printf_char.o(.text)
    _printf_char_file                        0x0800ead9   Thumb Code    32  _printf_char_file.o(.text)
    _printf_wctomb                           0x0800eafd   Thumb Code   182  _printf_wctomb.o(.text)
    _printf_longlong_dec                     0x0800ebb9   Thumb Code   108  _printf_longlong_dec.o(.text)
    _printf_longlong_oct                     0x0800ec35   Thumb Code    68  _printf_oct_int_ll.o(.text)
    _printf_int_oct                          0x0800ec79   Thumb Code    24  _printf_oct_int_ll.o(.text)
    _printf_ll_oct                           0x0800ec91   Thumb Code    12  _printf_oct_int_ll.o(.text)
    __aeabi_errno_addr                       0x0800eca5   Thumb Code     8  rt_errno_addr_intlibspace.o(.text)
    __errno$intlibspace                      0x0800eca5   Thumb Code     0  rt_errno_addr_intlibspace.o(.text)
    __rt_errno_addr$intlibspace              0x0800eca5   Thumb Code     0  rt_errno_addr_intlibspace.o(.text)
    _ll_udiv10                               0x0800ecad   Thumb Code   138  lludiv10.o(.text)
    __lib_sel_fp_printf                      0x0800ed37   Thumb Code     2  _printf_fp_dec.o(.text)
    _printf_fp_dec_real                      0x0800eee5   Thumb Code   620  _printf_fp_dec.o(.text)
    _printf_lcs_common                       0x0800f151   Thumb Code    20  _printf_wchar.o(.text)
    _printf_wchar                            0x0800f165   Thumb Code    16  _printf_wchar.o(.text)
    _printf_wstring                          0x0800f175   Thumb Code     8  _printf_wchar.o(.text)
    ferror                                   0x0800f17d   Thumb Code     8  ferror.o(.text)
    _wcrtomb                                 0x0800f185   Thumb Code    64  _wcrtomb.o(.text)
    __user_libspace                          0x0800f1c5   Thumb Code     8  libspace.o(.text)
    __user_perproc_libspace                  0x0800f1c5   Thumb Code     0  libspace.o(.text)
    __user_perthread_libspace                0x0800f1c5   Thumb Code     0  libspace.o(.text)
    __user_setup_stackheap                   0x0800f1cd   Thumb Code    74  sys_stackheap_outer.o(.text)
    __rt_ctype_table                         0x0800f219   Thumb Code    16  rt_ctype_table.o(.text)
    __rt_locale                              0x0800f229   Thumb Code     8  rt_locale_intlibspace.o(.text)
    _printf_fp_infnan                        0x0800f231   Thumb Code   112  _printf_fp_infnan.o(.text)
    _btod_etento                             0x0800f2b1   Thumb Code   216  bigflt0.o(.text)
    exit                                     0x0800f38d   Thumb Code    18  exit.o(.text)
    _btod_d2e                                0x0800f39f   Thumb Code    62  btod.o(CL$$btod_d2e)
    _d2e_denorm_low                          0x0800f3dd   Thumb Code    70  btod.o(CL$$btod_d2e_denorm_low)
    _d2e_norm_op1                            0x0800f423   Thumb Code    96  btod.o(CL$$btod_d2e_norm_op1)
    __btod_div_common                        0x0800f483   Thumb Code   696  btod.o(CL$$btod_div_common)
    _e2e                                     0x0800f7bb   Thumb Code   198  btod.o(CL$$btod_e2e)
    _btod_ediv                               0x0800f881   Thumb Code    40  btod.o(CL$$btod_ediv)
    _btod_emul                               0x0800f8a9   Thumb Code    40  btod.o(CL$$btod_emul)
    __btod_mult_common                       0x0800f8d1   Thumb Code   580  btod.o(CL$$btod_mult_common)
    __ARM_fpclassify                         0x0800fb15   Thumb Code    40  fpclassify.o(i.__ARM_fpclassify)
    _is_digit                                0x0800fb3d   Thumb Code    14  __printf_wp.o(i._is_digit)
    sqrt                                     0x0800fb4b   Thumb Code    76  sqrt.o(i.sqrt)
    _get_lc_numeric                          0x0800fb99   Thumb Code    44  lc_numeric_c.o(locale$$code)
    _get_lc_ctype                            0x0800fbc5   Thumb Code    44  lc_ctype_c.o(locale$$code)
    __aeabi_d2f                              0x0800fbf1   Thumb Code     0  d2f.o(x$fpl$d2f)
    _d2f                                     0x0800fbf1   Thumb Code    98  d2f.o(x$fpl$d2f)
    __aeabi_dadd                             0x0800fc55   Thumb Code     0  daddsub_clz.o(x$fpl$dadd)
    _dadd                                    0x0800fc55   Thumb Code   332  daddsub_clz.o(x$fpl$dadd)
    __fpl_dcmp_Inf                           0x0800fda5   Thumb Code    24  dcmpi.o(x$fpl$dcmpinf)
    __aeabi_ddiv                             0x0800fdbd   Thumb Code     0  ddiv.o(x$fpl$ddiv)
    _ddiv                                    0x0800fdbd   Thumb Code   552  ddiv.o(x$fpl$ddiv)
    __aeabi_d2iz                             0x0801006d   Thumb Code     0  dfix.o(x$fpl$dfix)
    _dfix                                    0x0801006d   Thumb Code    94  dfix.o(x$fpl$dfix)
    __aeabi_d2uiz                            0x080100cd   Thumb Code     0  dfixu.o(x$fpl$dfixu)
    _dfixu                                   0x080100cd   Thumb Code    90  dfixu.o(x$fpl$dfixu)
    __aeabi_i2d                              0x08010127   Thumb Code     0  dflt_clz.o(x$fpl$dflt)
    _dflt                                    0x08010127   Thumb Code    46  dflt_clz.o(x$fpl$dflt)
    __aeabi_ui2d                             0x08010155   Thumb Code     0  dflt_clz.o(x$fpl$dfltu)
    _dfltu                                   0x08010155   Thumb Code    38  dflt_clz.o(x$fpl$dfltu)
    __aeabi_cdcmple                          0x0801017d   Thumb Code     0  dleqf.o(x$fpl$dleqf)
    _dcmple                                  0x0801017d   Thumb Code   120  dleqf.o(x$fpl$dleqf)
    __fpl_dcmple_InfNaN                      0x080101df   Thumb Code     0  dleqf.o(x$fpl$dleqf)
    __aeabi_dmul                             0x080101f5   Thumb Code     0  dmul.o(x$fpl$dmul)
    _dmul                                    0x080101f5   Thumb Code   332  dmul.o(x$fpl$dmul)
    __fpl_dnaninf                            0x08010349   Thumb Code   156  dnaninf.o(x$fpl$dnaninf)
    __fpl_dretinf                            0x080103e5   Thumb Code    12  dretinf.o(x$fpl$dretinf)
    __aeabi_cdrcmple                         0x080103f1   Thumb Code     0  drleqf.o(x$fpl$drleqf)
    _drcmple                                 0x080103f1   Thumb Code   108  drleqf.o(x$fpl$drleqf)
    __aeabi_drsub                            0x0801045d   Thumb Code     0  daddsub_clz.o(x$fpl$drsb)
    _drsb                                    0x0801045d   Thumb Code    22  daddsub_clz.o(x$fpl$drsb)
    _dsqrt                                   0x08010475   Thumb Code   456  dsqrt_noumaal.o(x$fpl$dsqrt)
    __aeabi_dsub                             0x08010641   Thumb Code     0  daddsub_clz.o(x$fpl$dsub)
    _dsub                                    0x08010641   Thumb Code   464  daddsub_clz.o(x$fpl$dsub)
    __aeabi_f2d                              0x08010815   Thumb Code     0  f2d.o(x$fpl$f2d)
    _f2d                                     0x08010815   Thumb Code    86  f2d.o(x$fpl$f2d)
    __aeabi_fadd                             0x0801086d   Thumb Code     0  faddsub_clz.o(x$fpl$fadd)
    _fadd                                    0x0801086d   Thumb Code   196  faddsub_clz.o(x$fpl$fadd)
    __fpl_fcmp_Inf                           0x08010931   Thumb Code    24  fcmpi.o(x$fpl$fcmpinf)
    __aeabi_fdiv                             0x08010949   Thumb Code     0  fdiv.o(x$fpl$fdiv)
    _fdiv                                    0x08010949   Thumb Code   384  fdiv.o(x$fpl$fdiv)
    __aeabi_f2iz                             0x08010acd   Thumb Code     0  ffix.o(x$fpl$ffix)
    _ffix                                    0x08010acd   Thumb Code    54  ffix.o(x$fpl$ffix)
    __aeabi_f2uiz                            0x08010b05   Thumb Code     0  ffixu.o(x$fpl$ffixu)
    _ffixu                                   0x08010b05   Thumb Code    62  ffixu.o(x$fpl$ffixu)
    __aeabi_i2f                              0x08010b45   Thumb Code     0  fflt_clz.o(x$fpl$fflt)
    _fflt                                    0x08010b45   Thumb Code    48  fflt_clz.o(x$fpl$fflt)
    __aeabi_ui2f                             0x08010b75   Thumb Code     0  fflt_clz.o(x$fpl$ffltu)
    _ffltu                                   0x08010b75   Thumb Code    38  fflt_clz.o(x$fpl$ffltu)
    __aeabi_cfcmple                          0x08010b9d   Thumb Code     0  fleqf.o(x$fpl$fleqf)
    _fcmple                                  0x08010b9d   Thumb Code   104  fleqf.o(x$fpl$fleqf)
    __fpl_fcmple_InfNaN                      0x08010bef   Thumb Code     0  fleqf.o(x$fpl$fleqf)
    __aeabi_fmul                             0x08010c05   Thumb Code     0  fmul.o(x$fpl$fmul)
    _fmul                                    0x08010c05   Thumb Code   258  fmul.o(x$fpl$fmul)
    __fpl_fnaninf                            0x08010d07   Thumb Code   140  fnaninf.o(x$fpl$fnaninf)
    __fpl_fretinf                            0x08010d93   Thumb Code    10  fretinf.o(x$fpl$fretinf)
    __aeabi_cfrcmple                         0x08010d9d   Thumb Code     0  frleqf.o(x$fpl$frleqf)
    _frcmple                                 0x08010d9d   Thumb Code    98  frleqf.o(x$fpl$frleqf)
    __aeabi_fsub                             0x08010e01   Thumb Code     0  faddsub_clz.o(x$fpl$fsub)
    _fsub                                    0x08010e01   Thumb Code   234  faddsub_clz.o(x$fpl$fsub)
    _printf_fp_dec                           0x08010eeb   Thumb Code     4  printf1.o(x$fpl$printf1)
    __I$use$fp                               0x08010eee   Number         0  usenofp.o(x$fpl$usenofp)
    gImage_hahah                             0x08010eee   Data       99008  main.o(.constdata)
    gImage_hahah1                            0x080291ae   Data       99008  main.o(.constdata)
    gImage_hahah2                            0x0804146e   Data       125008  main.o(.constdata)
    gImage_hihihi1                           0x0805fcbe   Data       19808  main.o(.constdata)
    gImage_hihihi2                           0x08064a1e   Data       18408  main.o(.constdata)
    asc2_1206                                0x08069206   Data        1140  lcd.o(.constdata)
    asc2_1608                                0x0806967a   Data        1520  lcd.o(.constdata)
    asc2_2412                                0x08069c6a   Data        3420  lcd.o(.constdata)
    hz24                                     0x0806a9c6   Data        2160  lcd.o(.constdata)
    hz36                                     0x0806b236   Data       50000  lcd.o(.constdata)
    TP_REMIND_MSG_TBL                        0x08077588   Data           4  touch.o(.constdata)
    FT5206_TPX_TBL                           0x0807758c   Data          10  ft5206.o(.constdata)
    GT9147_CFG_TBL                           0x08077596   Data         184  gt9147.o(.constdata)
    GT9147_TPX_TBL                           0x0807764e   Data          10  gt9147.o(.constdata)
    OTT_TPX_TBL                              0x08077658   Data          10  ott2001a.o(.constdata)
    memtblsize                               0x08077664   Data           8  malloc.o(.constdata)
    memblksize                               0x0807766c   Data           8  malloc.o(.constdata)
    memsize                                  0x08077674   Data           8  malloc.o(.constdata)
    Region$$Table$$Base                      0x08077998   Number         0  anon$$obj.o(Region$$Table)
    Region$$Table$$Limit                     0x080779b8   Number         0  anon$$obj.o(Region$$Table)
    __ctype                                  0x080779e1   Data           0  lc_ctype_c.o(locale$$data)
    range                                    0x20000000   Data           1  main.o(.data)
    smoke                                    0x20000001   Data           1  main.o(.data)
    cate                                     0x20000004   Data           4  main.o(.data)
    q                                        0x20000008   Data           4  main.o(.data)
    SystemCoreClock                          0x2000000c   Data           4  system_stm32f10x.o(.data)
    AHBPrescTable                            0x20000010   Data          16  system_stm32f10x.o(.data)
    Distance                                 0x20000024   Data           4  wave.o(.data)
    POINT_COLOR                              0x20000028   Data           2  lcd.o(.data)
    BACK_COLOR                               0x2000002a   Data           2  lcd.o(.data)
    tp_dev                                   0x2000002c   Data          52  touch.o(.data)
    CMD_RDX                                  0x20000060   Data           1  touch.o(.data)
    CMD_RDY                                  0x20000061   Data           1  touch.o(.data)
    mallco_dev                               0x20000068   Data          28  malloc.o(.data)
    USART3_RX_STA                            0x20000084   Data           2  usart3.o(.data)
    sys_cmd_tab                              0x20000088   Data          28  usmart.o(.data)
    usmart_nametab                           0x200000a4   Data          32  usmart_config.o(.data)
    usmart_dev                               0x200000c4   Data         244  usmart_config.o(.data)
    __stdout                                 0x200001bc   Data           4  usart.o(.data)
    USART_RX_STA                             0x200001c0   Data           2  usart.o(.data)
    portnum                                  0x200001d8   Data           4  common.o(.data)
    wifista_ssid                             0x200001dc   Data           4  common.o(.data)
    wifista_encryption                       0x200001e0   Data           4  common.o(.data)
    wifista_password                         0x200001e4   Data           4  common.o(.data)
    wifiap_ssid                              0x200001e8   Data           4  common.o(.data)
    wifiap_encryption                        0x200001ec   Data           4  common.o(.data)
    wifiap_password                          0x200001f0   Data           4  common.o(.data)
    ATK_ESP8266_CWMODE_TBL                   0x200001f4   Data          12  common.o(.data)
    ATK_ESP8266_WORKMODE_TBL                 0x20000200   Data          12  common.o(.data)
    ATK_ESP8266_ECN_TBL                      0x2000020c   Data          20  common.o(.data)
    kbd_tbl                                  0x20000220   Data          52  common.o(.data)
    kbd_fn_tbl                               0x20000254   Data           8  common.o(.data)
    lcddev                                   0x2000025c   Data          14  lcd.o(.bss)
    mem1base                                 0x20000280   Data       40960  malloc.o(.bss)
    mem1mapbase                              0x2000a280   Data        2560  malloc.o(.bss)
    USART3_RX_BUF                            0x2000ac80   Data         600  usart3.o(.bss)
    USART3_TX_BUF                            0x2000aed8   Data         600  usart3.o(.bss)
    USART_RX_BUF                             0x2000b130   Data         200  usart.o(.bss)
    __libspace_start                         0x2000b1f8   Data          96  libspace.o(.bss)
    __temporary_stack_top$libspace           0x2000b258   Data           0  libspace.o(.bss)
    mem2base                                 0x68000000   Data       983040  malloc.o(.ARM.__AT_0x68000000)
    mem2mapbase                              0x680f0000   Data       61440  malloc.o(.ARM.__AT_0x680F0000)



==============================================================================

Memory Map of the image

  Image Entry point : 0x08000131

  Load Region LR_IROM1 (Base: 0x08000000, Size: 0x00077d40, Max: 0x00080000, ABSOLUTE, COMPRESSED[0x00077bd0])

    Execution Region ER_IROM1 (Exec base: 0x08000000, Load base: 0x08000000, Size: 0x00077ae4, Max: 0x00080000, ABSOLUTE)

    Exec Addr    Load Addr    Size         Type   Attr      Idx    E Section Name        Object

    0x08000000   0x08000000   0x00000130   Data   RO          696    RESET               startup_stm32f10x_hd.o
    0x08000130   0x08000130   0x00000008   Code   RO          963  * !!!main             c_w.l(__main.o)
    0x08000138   0x08000138   0x00000034   Code   RO         1317    !!!scatter          c_w.l(__scatter.o)
    0x0800016c   0x0800016c   0x0000005a   Code   RO         1315    !!dczerorl2         c_w.l(__dczerorl2.o)
    0x080001c6   0x080001c6   0x00000002   PAD
    0x080001c8   0x080001c8   0x0000001c   Code   RO         1319    !!handler_zi        c_w.l(__scatter_zi.o)
    0x080001e4   0x080001e4   0x00000000   Code   RO          952    .ARM.Collect$$_printf_percent$$00000000  c_w.l(_printf_percent.o)
    0x080001e4   0x080001e4   0x00000006   Code   RO         1067    .ARM.Collect$$_printf_percent$$00000001  c_w.l(_printf_n.o)
    0x080001ea   0x080001ea   0x00000006   Code   RO         1068    .ARM.Collect$$_printf_percent$$00000002  c_w.l(_printf_p.o)
    0x080001f0   0x080001f0   0x00000006   Code   RO         1071    .ARM.Collect$$_printf_percent$$00000003  c_w.l(_printf_f.o)
    0x080001f6   0x080001f6   0x00000006   Code   RO         1072    .ARM.Collect$$_printf_percent$$00000004  c_w.l(_printf_e.o)
    0x080001fc   0x080001fc   0x00000006   Code   RO         1073    .ARM.Collect$$_printf_percent$$00000005  c_w.l(_printf_g.o)
    0x08000202   0x08000202   0x00000006   Code   RO         1074    .ARM.Collect$$_printf_percent$$00000006  c_w.l(_printf_a.o)
    0x08000208   0x08000208   0x0000000a   Code   RO         1079    .ARM.Collect$$_printf_percent$$00000007  c_w.l(_printf_ll.o)
    0x08000212   0x08000212   0x00000006   Code   RO         1070    .ARM.Collect$$_printf_percent$$00000008  c_w.l(_printf_i.o)
    0x08000218   0x08000218   0x00000006   Code   RO          950    .ARM.Collect$$_printf_percent$$00000009  c_w.l(_printf_d.o)
    0x0800021e   0x0800021e   0x00000006   Code   RO          951    .ARM.Collect$$_printf_percent$$0000000A  c_w.l(_printf_u.o)
    0x08000224   0x08000224   0x00000006   Code   RO         1069    .ARM.Collect$$_printf_percent$$0000000B  c_w.l(_printf_o.o)
    0x0800022a   0x0800022a   0x00000006   Code   RO          949    .ARM.Collect$$_printf_percent$$0000000C  c_w.l(_printf_x.o)
    0x08000230   0x08000230   0x00000006   Code   RO         1076    .ARM.Collect$$_printf_percent$$0000000D  c_w.l(_printf_lli.o)
    0x08000236   0x08000236   0x00000006   Code   RO         1077    .ARM.Collect$$_printf_percent$$0000000E  c_w.l(_printf_lld.o)
    0x0800023c   0x0800023c   0x00000006   Code   RO         1078    .ARM.Collect$$_printf_percent$$0000000F  c_w.l(_printf_llu.o)
    0x08000242   0x08000242   0x00000006   Code   RO         1083    .ARM.Collect$$_printf_percent$$00000010  c_w.l(_printf_llo.o)
    0x08000248   0x08000248   0x00000006   Code   RO         1084    .ARM.Collect$$_printf_percent$$00000011  c_w.l(_printf_llx.o)
    0x0800024e   0x0800024e   0x0000000a   Code   RO         1080    .ARM.Collect$$_printf_percent$$00000012  c_w.l(_printf_l.o)
    0x08000258   0x08000258   0x00000006   Code   RO          947    .ARM.Collect$$_printf_percent$$00000013  c_w.l(_printf_c.o)
    0x0800025e   0x0800025e   0x00000006   Code   RO          948    .ARM.Collect$$_printf_percent$$00000014  c_w.l(_printf_s.o)
    0x08000264   0x08000264   0x00000006   Code   RO         1081    .ARM.Collect$$_printf_percent$$00000015  c_w.l(_printf_lc.o)
    0x0800026a   0x0800026a   0x00000006   Code   RO         1082    .ARM.Collect$$_printf_percent$$00000016  c_w.l(_printf_ls.o)
    0x08000270   0x08000270   0x00000004   Code   RO         1075    .ARM.Collect$$_printf_percent$$00000017  c_w.l(_printf_percent_end.o)
    0x08000274   0x08000274   0x00000002   Code   RO         1185    .ARM.Collect$$libinit$$00000000  c_w.l(libinit.o)
    0x08000276   0x08000276   0x00000000   Code   RO         1196    .ARM.Collect$$libinit$$00000002  c_w.l(libinit2.o)
    0x08000276   0x08000276   0x00000000   Code   RO         1198    .ARM.Collect$$libinit$$00000004  c_w.l(libinit2.o)
    0x08000276   0x08000276   0x00000000   Code   RO         1201    .ARM.Collect$$libinit$$0000000A  c_w.l(libinit2.o)
    0x08000276   0x08000276   0x00000000   Code   RO         1203    .ARM.Collect$$libinit$$0000000C  c_w.l(libinit2.o)
    0x08000276   0x08000276   0x00000000   Code   RO         1205    .ARM.Collect$$libinit$$0000000E  c_w.l(libinit2.o)
    0x08000276   0x08000276   0x00000006   Code   RO         1206    .ARM.Collect$$libinit$$0000000F  c_w.l(libinit2.o)
    0x0800027c   0x0800027c   0x00000000   Code   RO         1208    .ARM.Collect$$libinit$$00000011  c_w.l(libinit2.o)
    0x0800027c   0x0800027c   0x0000000c   Code   RO         1209    .ARM.Collect$$libinit$$00000012  c_w.l(libinit2.o)
    0x08000288   0x08000288   0x00000000   Code   RO         1210    .ARM.Collect$$libinit$$00000013  c_w.l(libinit2.o)
    0x08000288   0x08000288   0x00000000   Code   RO         1212    .ARM.Collect$$libinit$$00000015  c_w.l(libinit2.o)
    0x08000288   0x08000288   0x0000000a   Code   RO         1213    .ARM.Collect$$libinit$$00000016  c_w.l(libinit2.o)
    0x08000292   0x08000292   0x00000000   Code   RO         1214    .ARM.Collect$$libinit$$00000017  c_w.l(libinit2.o)
    0x08000292   0x08000292   0x00000000   Code   RO         1216    .ARM.Collect$$libinit$$00000019  c_w.l(libinit2.o)
    0x08000292   0x08000292   0x00000000   Code   RO         1218    .ARM.Collect$$libinit$$0000001B  c_w.l(libinit2.o)
    0x08000292   0x08000292   0x00000000   Code   RO         1220    .ARM.Collect$$libinit$$0000001D  c_w.l(libinit2.o)
    0x08000292   0x08000292   0x00000000   Code   RO         1222    .ARM.Collect$$libinit$$0000001F  c_w.l(libinit2.o)
    0x08000292   0x08000292   0x00000000   Code   RO         1224    .ARM.Collect$$libinit$$00000021  c_w.l(libinit2.o)
    0x08000292   0x08000292   0x00000000   Code   RO         1226    .ARM.Collect$$libinit$$00000023  c_w.l(libinit2.o)
    0x08000292   0x08000292   0x00000000   Code   RO         1228    .ARM.Collect$$libinit$$00000025  c_w.l(libinit2.o)
    0x08000292   0x08000292   0x00000000   Code   RO         1232    .ARM.Collect$$libinit$$0000002C  c_w.l(libinit2.o)
    0x08000292   0x08000292   0x00000000   Code   RO         1234    .ARM.Collect$$libinit$$0000002E  c_w.l(libinit2.o)
    0x08000292   0x08000292   0x00000000   Code   RO         1236    .ARM.Collect$$libinit$$00000030  c_w.l(libinit2.o)
    0x08000292   0x08000292   0x00000000   Code   RO         1238    .ARM.Collect$$libinit$$00000032  c_w.l(libinit2.o)
    0x08000292   0x08000292   0x00000002   Code   RO         1239    .ARM.Collect$$libinit$$00000033  c_w.l(libinit2.o)
    0x08000294   0x08000294   0x00000002   Code   RO         1257    .ARM.Collect$$libshutdown$$00000000  c_w.l(libshutdown.o)
    0x08000296   0x08000296   0x00000000   Code   RO         1267    .ARM.Collect$$libshutdown$$00000002  c_w.l(libshutdown2.o)
    0x08000296   0x08000296   0x00000000   Code   RO         1269    .ARM.Collect$$libshutdown$$00000004  c_w.l(libshutdown2.o)
    0x08000296   0x08000296   0x00000000   Code   RO         1272    .ARM.Collect$$libshutdown$$00000007  c_w.l(libshutdown2.o)
    0x08000296   0x08000296   0x00000000   Code   RO         1275    .ARM.Collect$$libshutdown$$0000000A  c_w.l(libshutdown2.o)
    0x08000296   0x08000296   0x00000000   Code   RO         1277    .ARM.Collect$$libshutdown$$0000000C  c_w.l(libshutdown2.o)
    0x08000296   0x08000296   0x00000000   Code   RO         1280    .ARM.Collect$$libshutdown$$0000000F  c_w.l(libshutdown2.o)
    0x08000296   0x08000296   0x00000002   Code   RO         1281    .ARM.Collect$$libshutdown$$00000010  c_w.l(libshutdown2.o)
    0x08000298   0x08000298   0x00000000   Code   RO         1039    .ARM.Collect$$rtentry$$00000000  c_w.l(__rtentry.o)
    0x08000298   0x08000298   0x00000000   Code   RO         1103    .ARM.Collect$$rtentry$$00000002  c_w.l(__rtentry2.o)
    0x08000298   0x08000298   0x00000006   Code   RO         1115    .ARM.Collect$$rtentry$$00000004  c_w.l(__rtentry4.o)
    0x0800029e   0x0800029e   0x00000000   Code   RO         1105    .ARM.Collect$$rtentry$$00000009  c_w.l(__rtentry2.o)
    0x0800029e   0x0800029e   0x00000004   Code   RO         1106    .ARM.Collect$$rtentry$$0000000A  c_w.l(__rtentry2.o)
    0x080002a2   0x080002a2   0x00000000   Code   RO         1108    .ARM.Collect$$rtentry$$0000000C  c_w.l(__rtentry2.o)
    0x080002a2   0x080002a2   0x00000008   Code   RO         1109    .ARM.Collect$$rtentry$$0000000D  c_w.l(__rtentry2.o)
    0x080002aa   0x080002aa   0x00000002   Code   RO         1190    .ARM.Collect$$rtexit$$00000000  c_w.l(rtexit.o)
    0x080002ac   0x080002ac   0x00000000   Code   RO         1241    .ARM.Collect$$rtexit$$00000002  c_w.l(rtexit2.o)
    0x080002ac   0x080002ac   0x00000004   Code   RO         1242    .ARM.Collect$$rtexit$$00000003  c_w.l(rtexit2.o)
    0x080002b0   0x080002b0   0x00000006   Code   RO         1243    .ARM.Collect$$rtexit$$00000004  c_w.l(rtexit2.o)
    0x080002b6   0x080002b6   0x00000002   PAD
    0x080002b8   0x080002b8   0x00000da8   Code   RO            1    .text               main.o
    0x08001060   0x08001060   0x0000001a   Code   RO          195    .text               stm32f10x_it.o
    0x0800107a   0x0800107a   0x00000002   PAD
    0x0800107c   0x0800107c   0x000001e0   Code   RO          236    .text               system_stm32f10x.o
    0x0800125c   0x0800125c   0x0000004c   Code   RO          254    .text               led.o
    0x080012a8   0x080012a8   0x000000fc   Code   RO          266    .text               key.o
    0x080013a4   0x080013a4   0x00000038   Code   RO          279    .text               beep.o
    0x080013dc   0x080013dc   0x00000184   Code   RO          291    .text               wave.o
    0x08001560   0x08001560   0x0000010c   Code   RO          306    .text               timer.o
    0x0800166c   0x0800166c   0x000001bc   Code   RO          319    .text               exti.o
    0x08001828   0x08001828   0x00004bf4   Code   RO          331    .text               lcd.o
    0x0800641c   0x0800641c   0x00001132   Code   RO          361    .text               touch.o
    0x0800754e   0x0800754e   0x0000017a   Code   RO          394    .text               24cxx.o
    0x080076c8   0x080076c8   0x0000026c   Code   RO          409    .text               myiic.o
    0x08007934   0x08007934   0x00000284   Code   RO          421    .text               ctiic.o
    0x08007bb8   0x08007bb8   0x00000338   Code   RO          436    .text               ft5206.o
    0x08007ef0   0x08007ef0   0x00000458   Code   RO          452    .text               gt9147.o
    0x08008348   0x08008348   0x0000036c   Code   RO          468    .text               ott2001a.o
    0x080086b4   0x080086b4   0x0000022c   Code   RO          514    .text               malloc.o
    0x080088e0   0x080088e0   0x00000180   Code   RO          536    .text               usart3.o
    0x08008a60   0x08008a60   0x00000c38   Code   RO          562    .text               usmart.o
    0x08009698   0x08009698   0x00000528   Code   RO          591    .text               usmart_str.o
    0x08009bc0   0x08009bc0   0x000001c4   Code   RO          603    .text               tsensor.o
    0x08009d84   0x08009d84   0x0000044e   Code   RO          618    .text               stm32f10x_adc.o
    0x0800a1d2   0x0800a1d2   0x00000002   PAD
    0x0800a1d4   0x0800a1d4   0x000000d4   Code   RO          630    .text               delay.o
    0x0800a2a8   0x0800a2a8   0x00000140   Code   RO          661    .text               usart.o
    0x0800a3e8   0x0800a3e8   0x00000040   Code   RO          697    .text               startup_stm32f10x_hd.o
    0x0800a428   0x0800a428   0x000000dc   Code   RO          701    .text               misc.o
    0x0800a504   0x0800a504   0x0000035c   Code   RO          713    .text               stm32f10x_gpio.o
    0x0800a860   0x0800a860   0x000003a4   Code   RO          725    .text               stm32f10x_rcc.o
    0x0800ac04   0x0800ac04   0x00000408   Code   RO          739    .text               stm32f10x_usart.o
    0x0800b00c   0x0800b00c   0x0000011c   Code   RO          751    .text               stm32f10x_exti.o
    0x0800b128   0x0800b128   0x00000e1a   Code   RO          763    .text               stm32f10x_tim.o
    0x0800bf42   0x0800bf42   0x00000002   PAD
    0x0800bf44   0x0800bf44   0x0000060c   Code   RO          775    .text               stm32f10x_fsmc.o
    0x0800c550   0x0800c550   0x000006a0   Code   RO          823    .text               apsta.o
    0x0800cbf0   0x0800cbf0   0x00001168   Code   RO          836    .text               common.o
    0x0800dd58   0x0800dd58   0x00000524   Code   RO          856    .text               wifiap.o
    0x0800e27c   0x0800e27c   0x00000208   Code   RO          869    .text               wifista.o
    0x0800e484   0x0800e484   0x00000002   Code   RO          886    .text               c_w.l(use_no_semi_2.o)
    0x0800e486   0x0800e486   0x00000002   PAD
    0x0800e488   0x0800e488   0x00000024   Code   RO          888    .text               c_w.l(c89vsprintf.o)
    0x0800e4ac   0x0800e4ac   0x00000018   Code   RO          890    .text               c_w.l(__2printf.o)
    0x0800e4c4   0x0800e4c4   0x0000002c   Code   RO          892    .text               c_w.l(__2sprintf.o)
    0x0800e4f0   0x0800e4f0   0x0000004e   Code   RO          900    .text               c_w.l(_printf_pad.o)
    0x0800e53e   0x0800e53e   0x00000052   Code   RO          902    .text               c_w.l(_printf_str.o)
    0x0800e590   0x0800e590   0x00000078   Code   RO          904    .text               c_w.l(_printf_dec.o)
    0x0800e608   0x0800e608   0x00000094   Code   RO          924    .text               c_w.l(_printf_hex_int_ll_ptr.o)
    0x0800e69c   0x0800e69c   0x00000188   Code   RO          944    .text               c_w.l(__printf_flags_ss_wp.o)
    0x0800e824   0x0800e824   0x00000024   Code   RO          953    .text               c_w.l(strstr.o)
    0x0800e848   0x0800e848   0x0000003e   Code   RO          955    .text               c_w.l(strlen.o)
    0x0800e886   0x0800e886   0x0000004e   Code   RO          957    .text               c_w.l(rt_memclr_w.o)
    0x0800e8d4   0x0800e8d4   0x00000080   Code   RO          959    .text               c_w.l(strcmpv7m.o)
    0x0800e954   0x0800e954   0x00000006   Code   RO          961    .text               c_w.l(heapauxi.o)
    0x0800e95a   0x0800e95a   0x00000002   Code   RO         1037    .text               c_w.l(use_no_semi.o)
    0x0800e95c   0x0800e95c   0x00000016   Code   RO         1040    .text               c_w.l(_rserrno.o)
    0x0800e972   0x0800e972   0x00000024   Code   RO         1042    .text               c_w.l(_printf_truncate.o)
    0x0800e996   0x0800e996   0x000000b2   Code   RO         1044    .text               c_w.l(_printf_intcommon.o)
    0x0800ea48   0x0800ea48   0x00000028   Code   RO         1046    .text               c_w.l(_printf_charcount.o)
    0x0800ea70   0x0800ea70   0x00000030   Code   RO         1048    .text               c_w.l(_printf_char_common.o)
    0x0800eaa0   0x0800eaa0   0x0000000a   Code   RO         1050    .text               c_w.l(_sputc.o)
    0x0800eaaa   0x0800eaaa   0x0000002c   Code   RO         1052    .text               c_w.l(_printf_char.o)
    0x0800ead6   0x0800ead6   0x00000002   PAD
    0x0800ead8   0x0800ead8   0x00000024   Code   RO         1054    .text               c_w.l(_printf_char_file.o)
    0x0800eafc   0x0800eafc   0x000000bc   Code   RO         1056    .text               c_w.l(_printf_wctomb.o)
    0x0800ebb8   0x0800ebb8   0x0000007c   Code   RO         1059    .text               c_w.l(_printf_longlong_dec.o)
    0x0800ec34   0x0800ec34   0x00000070   Code   RO         1065    .text               c_w.l(_printf_oct_int_ll.o)
    0x0800eca4   0x0800eca4   0x00000008   Code   RO         1120    .text               c_w.l(rt_errno_addr_intlibspace.o)
    0x0800ecac   0x0800ecac   0x0000008a   Code   RO         1122    .text               c_w.l(lludiv10.o)
    0x0800ed36   0x0800ed36   0x0000041a   Code   RO         1124    .text               c_w.l(_printf_fp_dec.o)
    0x0800f150   0x0800f150   0x0000002c   Code   RO         1128    .text               c_w.l(_printf_wchar.o)
    0x0800f17c   0x0800f17c   0x00000008   Code   RO         1130    .text               c_w.l(ferror.o)
    0x0800f184   0x0800f184   0x00000040   Code   RO         1134    .text               c_w.l(_wcrtomb.o)
    0x0800f1c4   0x0800f1c4   0x00000008   Code   RO         1136    .text               c_w.l(libspace.o)
    0x0800f1cc   0x0800f1cc   0x0000004a   Code   RO         1139    .text               c_w.l(sys_stackheap_outer.o)
    0x0800f216   0x0800f216   0x00000002   PAD
    0x0800f218   0x0800f218   0x00000010   Code   RO         1141    .text               c_w.l(rt_ctype_table.o)
    0x0800f228   0x0800f228   0x00000008   Code   RO         1146    .text               c_w.l(rt_locale_intlibspace.o)
    0x0800f230   0x0800f230   0x00000080   Code   RO         1148    .text               c_w.l(_printf_fp_infnan.o)
    0x0800f2b0   0x0800f2b0   0x000000dc   Code   RO         1150    .text               c_w.l(bigflt0.o)
    0x0800f38c   0x0800f38c   0x00000012   Code   RO         1178    .text               c_w.l(exit.o)
    0x0800f39e   0x0800f39e   0x0000003e   Code   RO         1153    CL$$btod_d2e        c_w.l(btod.o)
    0x0800f3dc   0x0800f3dc   0x00000046   Code   RO         1155    CL$$btod_d2e_denorm_low  c_w.l(btod.o)
    0x0800f422   0x0800f422   0x00000060   Code   RO         1154    CL$$btod_d2e_norm_op1  c_w.l(btod.o)
    0x0800f482   0x0800f482   0x00000338   Code   RO         1163    CL$$btod_div_common  c_w.l(btod.o)
    0x0800f7ba   0x0800f7ba   0x000000c6   Code   RO         1160    CL$$btod_e2e        c_w.l(btod.o)
    0x0800f880   0x0800f880   0x00000028   Code   RO         1157    CL$$btod_ediv       c_w.l(btod.o)
    0x0800f8a8   0x0800f8a8   0x00000028   Code   RO         1156    CL$$btod_emul       c_w.l(btod.o)
    0x0800f8d0   0x0800f8d0   0x00000244   Code   RO         1162    CL$$btod_mult_common  c_w.l(btod.o)
    0x0800fb14   0x0800fb14   0x00000028   Code   RO         1188    i.__ARM_fpclassify  m_ws.l(fpclassify.o)
    0x0800fb3c   0x0800fb3c   0x0000000e   Code   RO          937    i._is_digit         c_w.l(__printf_wp.o)
    0x0800fb4a   0x0800fb4a   0x0000004c   Code   RO         1030    i.sqrt              m_ws.l(sqrt.o)
    0x0800fb96   0x0800fb96   0x00000002   PAD
    0x0800fb98   0x0800fb98   0x0000002c   Code   RO         1176    locale$$code        c_w.l(lc_numeric_c.o)
    0x0800fbc4   0x0800fbc4   0x0000002c   Code   RO         1193    locale$$code        c_w.l(lc_ctype_c.o)
    0x0800fbf0   0x0800fbf0   0x00000062   Code   RO          965    x$fpl$d2f           fz_ws.l(d2f.o)
    0x0800fc52   0x0800fc52   0x00000002   PAD
    0x0800fc54   0x0800fc54   0x00000150   Code   RO          967    x$fpl$dadd          fz_ws.l(daddsub_clz.o)
    0x0800fda4   0x0800fda4   0x00000018   Code   RO         1085    x$fpl$dcmpinf       fz_ws.l(dcmpi.o)
    0x0800fdbc   0x0800fdbc   0x000002b0   Code   RO          974    x$fpl$ddiv          fz_ws.l(ddiv.o)
    0x0801006c   0x0801006c   0x0000005e   Code   RO          977    x$fpl$dfix          fz_ws.l(dfix.o)
    0x080100ca   0x080100ca   0x00000002   PAD
    0x080100cc   0x080100cc   0x0000005a   Code   RO          981    x$fpl$dfixu         fz_ws.l(dfixu.o)
    0x08010126   0x08010126   0x0000002e   Code   RO          986    x$fpl$dflt          fz_ws.l(dflt_clz.o)
    0x08010154   0x08010154   0x00000026   Code   RO          985    x$fpl$dfltu         fz_ws.l(dflt_clz.o)
    0x0801017a   0x0801017a   0x00000002   PAD
    0x0801017c   0x0801017c   0x00000078   Code   RO          991    x$fpl$dleqf         fz_ws.l(dleqf.o)
    0x080101f4   0x080101f4   0x00000154   Code   RO          993    x$fpl$dmul          fz_ws.l(dmul.o)
    0x08010348   0x08010348   0x0000009c   Code   RO         1087    x$fpl$dnaninf       fz_ws.l(dnaninf.o)
    0x080103e4   0x080103e4   0x0000000c   Code   RO         1089    x$fpl$dretinf       fz_ws.l(dretinf.o)
    0x080103f0   0x080103f0   0x0000006c   Code   RO          995    x$fpl$drleqf        fz_ws.l(drleqf.o)
    0x0801045c   0x0801045c   0x00000016   Code   RO          968    x$fpl$drsb          fz_ws.l(daddsub_clz.o)
    0x08010472   0x08010472   0x00000002   PAD
    0x08010474   0x08010474   0x000001cc   Code   RO         1091    x$fpl$dsqrt         fz_ws.l(dsqrt_noumaal.o)
    0x08010640   0x08010640   0x000001d4   Code   RO          969    x$fpl$dsub          fz_ws.l(daddsub_clz.o)
    0x08010814   0x08010814   0x00000056   Code   RO          997    x$fpl$f2d           fz_ws.l(f2d.o)
    0x0801086a   0x0801086a   0x00000002   PAD
    0x0801086c   0x0801086c   0x000000c4   Code   RO          999    x$fpl$fadd          fz_ws.l(faddsub_clz.o)
    0x08010930   0x08010930   0x00000018   Code   RO         1093    x$fpl$fcmpinf       fz_ws.l(fcmpi.o)
    0x08010948   0x08010948   0x00000184   Code   RO         1006    x$fpl$fdiv          fz_ws.l(fdiv.o)
    0x08010acc   0x08010acc   0x00000036   Code   RO         1009    x$fpl$ffix          fz_ws.l(ffix.o)
    0x08010b02   0x08010b02   0x00000002   PAD
    0x08010b04   0x08010b04   0x0000003e   Code   RO         1013    x$fpl$ffixu         fz_ws.l(ffixu.o)
    0x08010b42   0x08010b42   0x00000002   PAD
    0x08010b44   0x08010b44   0x00000030   Code   RO         1018    x$fpl$fflt          fz_ws.l(fflt_clz.o)
    0x08010b74   0x08010b74   0x00000026   Code   RO         1017    x$fpl$ffltu         fz_ws.l(fflt_clz.o)
    0x08010b9a   0x08010b9a   0x00000002   PAD
    0x08010b9c   0x08010b9c   0x00000068   Code   RO         1023    x$fpl$fleqf         fz_ws.l(fleqf.o)
    0x08010c04   0x08010c04   0x00000102   Code   RO         1025    x$fpl$fmul          fz_ws.l(fmul.o)
    0x08010d06   0x08010d06   0x0000008c   Code   RO         1095    x$fpl$fnaninf       fz_ws.l(fnaninf.o)
    0x08010d92   0x08010d92   0x0000000a   Code   RO         1097    x$fpl$fretinf       fz_ws.l(fretinf.o)
    0x08010d9c   0x08010d9c   0x00000062   Code   RO         1027    x$fpl$frleqf        fz_ws.l(frleqf.o)
    0x08010dfe   0x08010dfe   0x00000002   PAD
    0x08010e00   0x08010e00   0x000000ea   Code   RO         1001    x$fpl$fsub          fz_ws.l(faddsub_clz.o)
    0x08010eea   0x08010eea   0x00000004   Code   RO         1099    x$fpl$printf1       fz_ws.l(printf1.o)
    0x08010eee   0x08010eee   0x00000000   Code   RO         1101    x$fpl$usenofp       fz_ws.l(usenofp.o)
    0x08010eee   0x08010eee   0x00058318   Data   RO            2    .constdata          main.o
    0x08069206   0x08069206   0x0000e380   Data   RO          333    .constdata          lcd.o
    0x08077586   0x08077586   0x00000002   PAD
    0x08077588   0x08077588   0x00000004   Data   RO          362    .constdata          touch.o
    0x0807758c   0x0807758c   0x0000000a   Data   RO          437    .constdata          ft5206.o
    0x08077596   0x08077596   0x000000c2   Data   RO          453    .constdata          gt9147.o
    0x08077658   0x08077658   0x0000000a   Data   RO          469    .constdata          ott2001a.o
    0x08077662   0x08077662   0x00000002   PAD
    0x08077664   0x08077664   0x00000018   Data   RO          518    .constdata          malloc.o
    0x0807767c   0x0807767c   0x00000010   Data   RO          824    .constdata          apsta.o
    0x0807768c   0x0807768c   0x00000010   Data   RO          837    .constdata          common.o
    0x0807769c   0x0807769c   0x00000010   Data   RO          857    .constdata          wifiap.o
    0x080776ac   0x080776ac   0x00000028   Data   RO          925    .constdata          c_w.l(_printf_hex_int_ll_ptr.o)
    0x080776d4   0x080776d4   0x00000011   Data   RO          945    .constdata          c_w.l(__printf_flags_ss_wp.o)
    0x080776e5   0x080776e5   0x00000003   PAD
    0x080776e8   0x080776e8   0x00000008   Data   RO         1057    .constdata          c_w.l(_printf_wctomb.o)
    0x080776f0   0x080776f0   0x00000094   Data   RO         1151    .constdata          c_w.l(bigflt0.o)
    0x08077784   0x08077784   0x00000079   Data   RO          363    .conststring        touch.o
    0x080777fd   0x080777fd   0x00000003   PAD
    0x08077800   0x08077800   0x00000028   Data   RO          563    .conststring        usmart.o
    0x08077828   0x08077828   0x00000090   Data   RO          578    .conststring        usmart_config.o
    0x080778b8   0x080778b8   0x000000de   Data   RO          838    .conststring        common.o
    0x08077996   0x08077996   0x00000002   PAD
    0x08077998   0x08077998   0x00000020   Data   RO         1313    Region$$Table       anon$$obj.o
    0x080779b8   0x080779b8   0x0000001c   Data   RO         1175    locale$$data        c_w.l(lc_numeric_c.o)
    0x080779d4   0x080779d4   0x00000110   Data   RO         1192    locale$$data        c_w.l(lc_ctype_c.o)


    Execution Region RW_IRAM1 (Exec base: 0x20000000, Load base: 0x08077ae4, Size: 0x0000b858, Max: 0x00010000, ABSOLUTE, COMPRESSED[0x000000ec])

    Exec Addr    Load Addr    Size         Type   Attr      Idx    E Section Name        Object

    0x20000000   COMPRESSED   0x0000000c   Data   RW            3    .data               main.o
    0x2000000c   COMPRESSED   0x00000014   Data   RW          237    .data               system_stm32f10x.o
    0x20000020   COMPRESSED   0x00000001   Data   RW          267    .data               key.o
    0x20000021   COMPRESSED   0x00000003   PAD
    0x20000024   COMPRESSED   0x00000004   Data   RW          292    .data               wave.o
    0x20000028   COMPRESSED   0x00000004   Data   RW          334    .data               lcd.o
    0x2000002c   COMPRESSED   0x00000036   Data   RW          364    .data               touch.o
    0x20000062   COMPRESSED   0x00000001   Data   RW          438    .data               ft5206.o
    0x20000063   COMPRESSED   0x00000001   Data   RW          454    .data               gt9147.o
    0x20000064   COMPRESSED   0x00000001   Data   RW          470    .data               ott2001a.o
    0x20000065   COMPRESSED   0x00000003   PAD
    0x20000068   COMPRESSED   0x0000001c   Data   RW          519    .data               malloc.o
    0x20000084   COMPRESSED   0x00000002   Data   RW          538    .data               usart3.o
    0x20000086   COMPRESSED   0x00000002   PAD
    0x20000088   COMPRESSED   0x0000001c   Data   RW          564    .data               usmart.o
    0x200000a4   COMPRESSED   0x00000114   Data   RW          579    .data               usmart_config.o
    0x200001b8   COMPRESSED   0x00000004   Data   RW          631    .data               delay.o
    0x200001bc   COMPRESSED   0x00000006   Data   RW          663    .data               usart.o
    0x200001c2   COMPRESSED   0x00000014   Data   RW          726    .data               stm32f10x_rcc.o
    0x200001d6   COMPRESSED   0x00000002   PAD
    0x200001d8   COMPRESSED   0x00000084   Data   RW          839    .data               common.o
    0x2000025c        -       0x0000000e   Zero   RW          332    .bss                lcd.o
    0x2000026a   COMPRESSED   0x00000016   PAD
    0x20000280        -       0x0000aa00   Zero   RW          517    .bss                malloc.o
    0x2000ac80        -       0x000004b0   Zero   RW          537    .bss                usart3.o
    0x2000b130        -       0x000000c8   Zero   RW          662    .bss                usart.o
    0x2000b1f8        -       0x00000060   Zero   RW         1137    .bss                c_w.l(libspace.o)
    0x2000b258        -       0x00000200   Zero   RW          695    HEAP                startup_stm32f10x_hd.o
    0x2000b458        -       0x00000400   Zero   RW          694    STACK               startup_stm32f10x_hd.o



  Load Region LR$$.ARM.__AT_0x68000000 (Base: 0x68000000, Size: 0x00000000, Max: 0x000f0000, ABSOLUTE)

    Execution Region ER$$.ARM.__AT_0x68000000 (Exec base: 0x68000000, Load base: 0x68000000, Size: 0x000f0000, Max: 0x000f0000, ABSOLUTE, UNINIT)

    Exec Addr    Load Addr    Size         Type   Attr      Idx    E Section Name        Object

    0x68000000        -       0x000f0000   Zero   RW          515    .ARM.__AT_0x68000000  malloc.o



  Load Region LR$$.ARM.__AT_0x680F0000 (Base: 0x680f0000, Size: 0x00000000, Max: 0x0000f000, ABSOLUTE)

    Execution Region ER$$.ARM.__AT_0x680F0000 (Exec base: 0x680f0000, Load base: 0x680f0000, Size: 0x0000f000, Max: 0x0000f000, ABSOLUTE, UNINIT)

    Exec Addr    Load Addr    Size         Type   Attr      Idx    E Section Name        Object

    0x680f0000        -       0x0000f000   Zero   RW          516    .ARM.__AT_0x680F0000  malloc.o


==============================================================================

Image component sizes


      Code (inc. data)   RO Data    RW Data    ZI Data      Debug   Object Name

       378          0          0          0          0       2950   24cxx.o
      1696        712         16          0          0       1706   apsta.o
        56          6          0          0          0        564   beep.o
      4456       1552        238        132          0       8488   common.o
       644         24          0          0          0       2125   ctiic.o
       212         18          0          4          0       1191   delay.o
       444         20          0          0          0       1297   exti.o
       824         38         10          1          0       2763   ft5206.o
      1112         74        194          1          0       3290   gt9147.o
       252         12          0          1          0        916   key.o
     19444        170      58240          4         14      24397   lcd.o
        76          8          0          0          0        571   led.o
      3496        286     361240         12          0     276580   main.o
       556         18         24         28    1088000       5056   malloc.o
       220         22          0          0          0       1945   misc.o
       620         14          0          0          0       1956   myiic.o
       876         56         10          1          0       2931   ott2001a.o
        64         26        304          0       1536        848   startup_stm32f10x_hd.o
      1102         26          0          0          0      11189   stm32f10x_adc.o
       284         10          0          0          0       2403   stm32f10x_exti.o
      1548         18          0          0          0       5527   stm32f10x_fsmc.o
       860         38          0          0          0       5881   stm32f10x_gpio.o
        26          0          0          0          0       1254   stm32f10x_it.o
       932         36          0         20          0       9136   stm32f10x_rcc.o
      3610         88          0          0          0      22988   stm32f10x_tim.o
      1032         22          0          0          0       8604   stm32f10x_usart.o
         0          0          0          0          0         32   sys.o
       480         38          0         20          0       1959   system_stm32f10x.o
       268         12          0          0          0       1311   timer.o
      4402        222        125         54          0       7490   touch.o
       452         30          0          0          0       1694   tsensor.o
       320         16          0          6        200       3394   usart.o
       384         26          0          2       1200       2778   usart3.o
      3128       1288         40         28          0       4642   usmart.o
         0          0        144        276          0       1796   usmart_config.o
      1320         12          0          0          0       5417   usmart_str.o
       388         34          0          4          0       1401   wave.o
      1316        546         16          0          0       1623   wifiap.o
       520        302          0          0          0       1152   wifista.o

    ----------------------------------------------------------------------
     57804       5820     420642        604    1090972     441245   Object Totals
         0          0         32          0          0          0   (incl. Generated)
         6          0          9         10         22          0   (incl. Padding)

    ----------------------------------------------------------------------

      Code (inc. data)   RO Data    RW Data    ZI Data      Debug   Library Member Name

        24          4          0          0          0         84   __2printf.o
        44          6          0          0          0         84   __2sprintf.o
        90          0          0          0          0          0   __dczerorl2.o
         8          0          0          0          0         68   __main.o
       392          4         17          0          0         92   __printf_flags_ss_wp.o
        14          0          0          0          0         68   __printf_wp.o
         0          0          0          0          0          0   __rtentry.o
        12          0          0          0          0          0   __rtentry2.o
         6          0          0          0          0          0   __rtentry4.o
        52          8          0          0          0          0   __scatter.o
        28          0          0          0          0          0   __scatter_zi.o
         6          0          0          0          0          0   _printf_a.o
         6          0          0          0          0          0   _printf_c.o
        44          0          0          0          0        108   _printf_char.o
        48          6          0          0          0         96   _printf_char_common.o
        36          4          0          0          0         80   _printf_char_file.o
        40          0          0          0          0         68   _printf_charcount.o
         6          0          0          0          0          0   _printf_d.o
       120         16          0          0          0         92   _printf_dec.o
         6          0          0          0          0          0   _printf_e.o
         6          0          0          0          0          0   _printf_f.o
      1050          0          0          0          0        216   _printf_fp_dec.o
       128         16          0          0          0         84   _printf_fp_infnan.o
         6          0          0          0          0          0   _printf_g.o
       148          4         40          0          0        160   _printf_hex_int_ll_ptr.o
         6          0          0          0          0          0   _printf_i.o
       178          0          0          0          0         88   _printf_intcommon.o
        10          0          0          0          0          0   _printf_l.o
         6          0          0          0          0          0   _printf_lc.o
        10          0          0          0          0          0   _printf_ll.o
         6          0          0          0          0          0   _printf_lld.o
         6          0          0          0          0          0   _printf_lli.o
         6          0          0          0          0          0   _printf_llo.o
         6          0          0          0          0          0   _printf_llu.o
         6          0          0          0          0          0   _printf_llx.o
       124         16          0          0          0         92   _printf_longlong_dec.o
         6          0          0          0          0          0   _printf_ls.o
         6          0          0          0          0          0   _printf_n.o
         6          0          0          0          0          0   _printf_o.o
       112          8          0          0          0        124   _printf_oct_int_ll.o
         6          0          0          0          0          0   _printf_p.o
        78          0          0          0          0        108   _printf_pad.o
         0          0          0          0          0          0   _printf_percent.o
         4          0          0          0          0          0   _printf_percent_end.o
         6          0          0          0          0          0   _printf_s.o
        82          0          0          0          0         80   _printf_str.o
        36          0          0          0          0         84   _printf_truncate.o
         6          0          0          0          0          0   _printf_u.o
        44          0          0          0          0        108   _printf_wchar.o
       188          6          8          0          0         92   _printf_wctomb.o
         6          0          0          0          0          0   _printf_x.o
        22          0          0          0          0        100   _rserrno.o
        10          0          0          0          0         68   _sputc.o
        64          0          0          0          0         92   _wcrtomb.o
       220          4        148          0          0         96   bigflt0.o
      1910        128          0          0          0        672   btod.o
        36          4          0          0          0         76   c89vsprintf.o
        18          0          0          0          0         80   exit.o
         8          0          0          0          0         68   ferror.o
         6          0          0          0          0        152   heapauxi.o
        44         10        272          0          0         76   lc_ctype_c.o
        44         10         28          0          0         76   lc_numeric_c.o
         2          0          0          0          0          0   libinit.o
        30          0          0          0          0          0   libinit2.o
         2          0          0          0          0          0   libshutdown.o
         2          0          0          0          0          0   libshutdown2.o
         8          4          0          0         96         68   libspace.o
       138          0          0          0          0         80   lludiv10.o
        16          4          0          0          0         76   rt_ctype_table.o
         8          4          0          0          0         68   rt_errno_addr_intlibspace.o
         8          4          0          0          0         68   rt_locale_intlibspace.o
        78          0          0          0          0         80   rt_memclr_w.o
         2          0          0          0          0          0   rtexit.o
        10          0          0          0          0          0   rtexit2.o
       128          0          0          0          0         68   strcmpv7m.o
        62          0          0          0          0         76   strlen.o
        36          0          0          0          0         80   strstr.o
        74          0          0          0          0         80   sys_stackheap_outer.o
         2          0          0          0          0         68   use_no_semi.o
         2          0          0          0          0         68   use_no_semi_2.o
        98          4          0          0          0         92   d2f.o
       826         16          0          0          0        348   daddsub_clz.o
        24          0          0          0          0         68   dcmpi.o
       688        140          0          0          0        208   ddiv.o
        94          4          0          0          0         92   dfix.o
        90          4          0          0          0         92   dfixu.o
        84          0          0          0          0        136   dflt_clz.o
       120          4          0          0          0         92   dleqf.o
       340         12          0          0          0        104   dmul.o
       156          4          0          0          0         92   dnaninf.o
        12          0          0          0          0         68   dretinf.o
       108          0          0          0          0         80   drleqf.o
       460         56          0          0          0        120   dsqrt_noumaal.o
        86          4          0          0          0         84   f2d.o
       430          8          0          0          0        168   faddsub_clz.o
        24          0          0          0          0         68   fcmpi.o
       388         76          0          0          0         96   fdiv.o
        54          4          0          0          0         84   ffix.o
        62          4          0          0          0         84   ffixu.o
        86          0          0          0          0        136   fflt_clz.o
       104          4          0          0          0         84   fleqf.o
       258          4          0          0          0         84   fmul.o
       140          4          0          0          0         84   fnaninf.o
        10          0          0          0          0         68   fretinf.o
        98          0          0          0          0         68   frleqf.o
         4          0          0          0          0         68   printf1.o
         0          0          0          0          0          0   usenofp.o
        40          0          0          0          0         68   fpclassify.o
        76          0          0          0          0         84   sqrt.o

    ----------------------------------------------------------------------
     11250        622        516          0         96       7432   Library Totals
        30          0          3          0          0          0   (incl. Padding)

    ----------------------------------------------------------------------

      Code (inc. data)   RO Data    RW Data    ZI Data      Debug   Library Name

      6260        270        513          0         96       4512   c_w.l
      4844        352          0          0          0       2768   fz_ws.l
       116          0          0          0          0        152   m_ws.l

    ----------------------------------------------------------------------
     11250        622        516          0         96       7432   Library Totals

    ----------------------------------------------------------------------

==============================================================================


      Code (inc. data)   RO Data    RW Data    ZI Data      Debug   

     69054       6442     421158        604    1091068     441653   Grand Totals
     69054       6442     421158        236    1091068     441653   ELF Image Totals (compressed)
     69054       6442     421158        236          0          0   ROM Totals

==============================================================================

    Total RO  Size (Code + RO Data)               490212 ( 478.72kB)
    Total RW  Size (RW Data + ZI Data)           1091672 (1066.09kB)
    Total ROM Size (Code + RO Data + RW Data)     490448 ( 478.95kB)

==============================================================================

